{"log_id": "9a319ac5-b626-11f0-ac36-080027b4982b", "planner": {"score": 0.0, "matched_rules": [], "verdict": "benign"}, "detection": {"verdict": "skipped", "reason": "rule_based_benign"}, "response": null, "logged_at": "2025-10-31T06:55:41.154419Z"}
{"log_id": "9a31c1d2-b626-11f0-ac36-080027b4982b", "planner": {"score": 0.0, "matched_rules": [], "verdict": "benign"}, "detection": {"verdict": "skipped", "reason": "rule_based_benign"}, "response": null, "logged_at": "2025-10-31T06:55:41.207075Z"}
{"log_id": "9a319ac1-b626-11f0-ac36-080027b4982b", "planner": {"score": 0.0, "matched_rules": [], "verdict": "benign"}, "detection": {"verdict": "skipped", "reason": "rule_based_benign"}, "response": null, "logged_at": "2025-10-31T06:55:41.257892Z"}
{"log_id": "9a319ac4-b626-11f0-ac36-080027b4982b", "planner": {"score": 0.0, "matched_rules": [], "verdict": "benign"}, "detection": {"verdict": "skipped", "reason": "rule_based_benign"}, "response": null, "logged_at": "2025-10-31T06:55:41.309063Z"}
{"log_id": "9a3173b1-b626-11f0-ac36-080027b4982b", "planner": {"score": 0.0, "matched_rules": [], "verdict": "benign"}, "detection": {"verdict": "skipped", "reason": "rule_based_benign"}, "response": null, "logged_at": "2025-10-31T06:55:41.361822Z"}
{"log_id": "9a314ca0-b626-11f0-ac36-080027b4982b", "planner": {"score": 0.0, "matched_rules": [], "verdict": "benign"}, "detection": {"verdict": "skipped", "reason": "rule_based_benign"}, "response": null, "logged_at": "2025-10-31T06:55:41.412653Z"}
{"log_id": "9a312595-b626-11f0-ac36-080027b4982b", "planner": {"score": 0.0, "matched_rules": [], "verdict": "benign"}, "detection": {"verdict": "skipped", "reason": "rule_based_benign"}, "response": null, "logged_at": "2025-10-31T06:55:41.463533Z"}
{"log_id": "9a312593-b626-11f0-ac36-080027b4982b", "planner": {"score": 0.0, "matched_rules": [], "verdict": "benign"}, "detection": {"verdict": "skipped", "reason": "rule_based_benign"}, "response": null, "logged_at": "2025-10-31T06:55:41.514171Z"}
{"log_id": "9a301420-b626-11f0-ac36-080027b4982b", "planner": {"score": 0.0, "matched_rules": [], "verdict": "benign"}, "detection": {"verdict": "skipped", "reason": "rule_based_benign"}, "response": null, "logged_at": "2025-10-31T06:55:41.565145Z"}
{"log_id": "9a2fed11-b626-11f0-ac36-080027b4982b", "planner": {"score": 0.0, "matched_rules": [], "verdict": "benign"}, "detection": {"verdict": "skipped", "reason": "rule_based_benign"}, "response": null, "logged_at": "2025-10-31T06:55:41.620145Z"}
{"log_id": "9a2eb490-b626-11f0-ac36-080027b4982b", "planner": {"score": 0.0, "matched_rules": [], "verdict": "benign"}, "detection": {"verdict": "skipped", "reason": "rule_based_benign"}, "response": null, "logged_at": "2025-10-31T06:55:41.670931Z"}
{"log_id": "9a2da320-b626-11f0-ac36-080027b4982b", "planner": {"score": 0.0, "matched_rules": [], "verdict": "benign"}, "detection": {"verdict": "skipped", "reason": "rule_based_benign"}, "response": null, "logged_at": "2025-10-31T06:55:41.725605Z"}
{"log_id": "9a2b8040-b626-11f0-ac36-080027b4982b", "planner": {"score": 0.0, "matched_rules": [], "verdict": "benign"}, "detection": {"verdict": "skipped", "reason": "rule_based_benign"}, "response": null, "logged_at": "2025-10-31T06:55:41.795289Z"}
{"log_id": "9a2b5930-b626-11f0-ac36-080027b4982b", "planner": {"score": 0.0, "matched_rules": [], "verdict": "benign"}, "detection": {"verdict": "skipped", "reason": "rule_based_benign"}, "response": null, "logged_at": "2025-10-31T06:55:41.846211Z"}
{"log_id": "9a2b3220-b626-11f0-ac36-080027b4982b", "planner": {"score": 0.0, "matched_rules": [], "verdict": "benign"}, "detection": {"verdict": "skipped", "reason": "rule_based_benign"}, "response": null, "logged_at": "2025-10-31T06:55:41.902251Z"}
{"log_id": "a0288d30-b626-11f0-ac36-080027b4982b", "planner": {"score": 0.0, "matched_rules": [], "verdict": "benign"}, "detection": {"verdict": "skipped", "reason": "rule_based_benign"}, "response": null, "logged_at": "2025-10-31T06:55:51.461466Z"}
{"log_id": "a028db53-b626-11f0-ac36-080027b4982b", "planner": {"score": 0.0, "matched_rules": [], "verdict": "benign"}, "detection": {"verdict": "skipped", "reason": "rule_based_benign"}, "response": null, "logged_at": "2025-10-31T06:55:51.516103Z"}
{"log_id": "a02c36b0-b626-11f0-ac36-080027b4982b", "planner": {"score": 0.0, "matched_rules": [], "verdict": "benign"}, "detection": {"verdict": "skipped", "reason": "rule_based_benign"}, "response": null, "logged_at": "2025-10-31T06:55:51.568246Z"}
{"log_id": "a02c0fa1-b626-11f0-ac36-080027b4982b", "planner": {"score": 0.0, "matched_rules": [], "verdict": "benign"}, "detection": {"verdict": "skipped", "reason": "rule_based_benign"}, "response": null, "logged_at": "2025-10-31T06:55:51.619326Z"}
{"log_id": "a02b4c51-b626-11f0-ac36-080027b4982b", "planner": {"score": 0.0, "matched_rules": [], "verdict": "benign"}, "detection": {"verdict": "skipped", "reason": "rule_based_benign"}, "response": null, "logged_at": "2025-10-31T06:55:51.679130Z"}
{"log_id": "a02ab012-b626-11f0-ac36-080027b4982b", "planner": {"score": 0.0, "matched_rules": [], "verdict": "benign"}, "detection": {"verdict": "skipped", "reason": "rule_based_benign"}, "response": null, "logged_at": "2025-10-31T06:55:51.731367Z"}
{"log_id": "a02a8904-b626-11f0-ac36-080027b4982b", "planner": {"score": 0.0, "matched_rules": [], "verdict": "benign"}, "detection": {"verdict": "skipped", "reason": "rule_based_benign"}, "response": null, "logged_at": "2025-10-31T06:55:51.781892Z"}
{"log_id": "a02ab010-b626-11f0-ac36-080027b4982b", "planner": {"score": 0.0, "matched_rules": [], "verdict": "benign"}, "detection": {"verdict": "skipped", "reason": "rule_based_benign"}, "response": null, "logged_at": "2025-10-31T06:55:51.832808Z"}
{"log_id": "a029ecc2-b626-11f0-ac36-080027b4982b", "planner": {"score": 0.0, "matched_rules": [], "verdict": "benign"}, "detection": {"verdict": "skipped", "reason": "rule_based_benign"}, "response": null, "logged_at": "2025-10-31T06:55:51.883384Z"}
{"log_id": "a02a13d1-b626-11f0-ac36-080027b4982b", "planner": {"score": 0.0, "matched_rules": [], "verdict": "benign"}, "detection": {"verdict": "skipped", "reason": "rule_based_benign"}, "response": null, "logged_at": "2025-10-31T06:55:51.935063Z"}
{"log_id": "a0299ea1-b626-11f0-ac36-080027b4982b", "planner": {"score": 0.0, "matched_rules": [], "verdict": "benign"}, "detection": {"verdict": "skipped", "reason": "rule_based_benign"}, "response": null, "logged_at": "2025-10-31T06:55:51.989041Z"}
{"log_id": "a0297790-b626-11f0-ac36-080027b4982b", "planner": {"score": 0.0, "matched_rules": [], "verdict": "benign"}, "detection": {"verdict": "skipped", "reason": "rule_based_benign"}, "response": null, "logged_at": "2025-10-31T06:55:52.041187Z"}
{"log_id": "a0295080-b626-11f0-ac36-080027b4982b", "planner": {"score": 0.0, "matched_rules": [], "verdict": "benign"}, "detection": {"verdict": "skipped", "reason": "rule_based_benign"}, "response": null, "logged_at": "2025-10-31T06:55:52.092516Z"}
{"log_id": "a0288d31-b626-11f0-ac36-080027b4982b", "planner": {"score": 0.0, "matched_rules": [], "verdict": "benign"}, "detection": {"verdict": "skipped", "reason": "rule_based_benign"}, "response": null, "logged_at": "2025-10-31T06:55:52.143303Z"}
{"log_id": "a0288d32-b626-11f0-ac36-080027b4982b", "planner": {"score": 0.0, "matched_rules": [], "verdict": "benign"}, "detection": {"verdict": "skipped", "reason": "rule_based_benign"}, "response": null, "logged_at": "2025-10-31T06:55:52.197674Z"}
{"log_id": "a0281800-b626-11f0-ac36-080027b4982b", "planner": {"score": 0.0, "matched_rules": [], "verdict": "benign"}, "detection": {"verdict": "skipped", "reason": "rule_based_benign"}, "response": null, "logged_at": "2025-10-31T06:55:52.251921Z"}
{"log_id": "a6209111-b626-11f0-ac36-080027b4982b", "planner": {"score": 0.0, "matched_rules": [], "verdict": "benign"}, "detection": {"verdict": "skipped", "reason": "rule_based_benign"}, "response": null, "logged_at": "2025-10-31T06:56:02.312734Z"}
{"log_id": "a6206a00-b626-11f0-ac36-080027b4982b", "planner": {"score": 0.0, "matched_rules": [], "verdict": "benign"}, "detection": {"verdict": "skipped", "reason": "rule_based_benign"}, "response": null, "logged_at": "2025-10-31T06:56:02.363597Z"}
{"log_id": "a61f5890-b626-11f0-ac36-080027b4982b", "planner": {"score": 0.0, "matched_rules": [], "verdict": "benign"}, "detection": {"verdict": "skipped", "reason": "rule_based_benign"}, "response": null, "logged_at": "2025-10-31T06:56:02.417119Z"}
{"log_id": "a61f0a71-b626-11f0-ac36-080027b4982b", "planner": {"score": 0.0, "matched_rules": [], "verdict": "benign"}, "detection": {"verdict": "skipped", "reason": "rule_based_benign"}, "response": null, "logged_at": "2025-10-31T06:56:02.468242Z"}
{"log_id": "a61ee360-b626-11f0-ac36-080027b4982b", "planner": {"score": 0.0, "matched_rules": [], "verdict": "benign"}, "detection": {"verdict": "skipped", "reason": "rule_based_benign"}, "response": null, "logged_at": "2025-10-31T06:56:02.519941Z"}
{"log_id": "a61df901-b626-11f0-ac36-080027b4982b", "planner": {"score": 0.0, "matched_rules": [], "verdict": "benign"}, "detection": {"verdict": "skipped", "reason": "rule_based_benign"}, "response": null, "logged_at": "2025-10-31T06:56:02.573242Z"}
{"log_id": "a61c2440-b626-11f0-ac36-080027b4982b", "planner": {"score": 0.0, "matched_rules": [], "verdict": "benign"}, "detection": {"verdict": "skipped", "reason": "rule_based_benign"}, "response": null, "logged_at": "2025-10-31T06:56:02.624374Z"}
{"log_id": "a61bfd30-b626-11f0-ac36-080027b4982b", "planner": {"score": 0.0, "matched_rules": [], "verdict": "benign"}, "detection": {"verdict": "skipped", "reason": "rule_based_benign"}, "response": null, "logged_at": "2025-10-31T06:56:02.675817Z"}
{"log_id": "a61b8800-b626-11f0-ac36-080027b4982b", "planner": {"score": 0.0, "matched_rules": [], "verdict": "benign"}, "detection": {"verdict": "skipped", "reason": "rule_based_benign"}, "response": null, "logged_at": "2025-10-31T06:56:02.726981Z"}
{"log_id": "a61b60f0-b626-11f0-ac36-080027b4982b", "planner": {"score": 0.0, "matched_rules": [], "verdict": "benign"}, "detection": {"verdict": "skipped", "reason": "rule_based_benign"}, "response": null, "logged_at": "2025-10-31T06:56:02.778055Z"}
{"log_id": "a61a4f83-b626-11f0-ac36-080027b4982b", "planner": {"score": 0.0, "matched_rules": [], "verdict": "benign"}, "detection": {"verdict": "skipped", "reason": "rule_based_benign"}, "response": null, "logged_at": "2025-10-31T06:56:02.828789Z"}
{"log_id": "a61a2870-b626-11f0-ac36-080027b4982b", "planner": {"score": 0.0, "matched_rules": [], "verdict": "benign"}, "detection": {"verdict": "skipped", "reason": "rule_based_benign"}, "response": null, "logged_at": "2025-10-31T06:56:02.880126Z"}
{"log_id": "a6198c30-b626-11f0-ac36-080027b4982b", "planner": {"score": 0.0, "matched_rules": [], "verdict": "benign"}, "detection": {"verdict": "skipped", "reason": "rule_based_benign"}, "response": null, "logged_at": "2025-10-31T06:56:02.931878Z"}
{"log_id": "ac1cdab4-b626-11f0-ac36-080027b4982b", "planner": {"score": 0.5, "matched_rules": ["event_type:alert"], "verdict": "suspicious"}, "detection": {"verdict": "malicious", "score": 0.5, "reasons": ["valid SSH connection signature"], "recommended_action": "monitor"}, "response": {"agent": "ResponseAgent", "action": "monitor", "target": "192.168.56.1", "log_id": "ac1cdab4-b626-11f0-ac36-080027b4982b", "reason": "auto-detected", "time": "2025-10-31T06:56:27.413787Z", "status": "simulated", "logged_at": "2025-10-31T06:56:27.413812Z"}, "logged_at": "2025-10-31T06:56:27.414239Z"}
{"log_id": "ac1cb3a3-b626-11f0-ac36-080027b4982b", "planner": {"score": 0.5, "matched_rules": ["event_type:alert"], "verdict": "suspicious"}, "detection": {"verdict": "benign", "score": 0.1, "reasons": ["Single connection attempt from known IP"], "recommended_action": "monitor"}, "response": null, "logged_at": "2025-10-31T06:56:35.454040Z"}
{"log_id": "ac1cdab0-b626-11f0-ac36-080027b4982b", "planner": {"score": 0.5, "matched_rules": ["event_type:alert"], "verdict": "suspicious"}, "detection": {"verdict": "malicious", "score": 0.5, "reasons": ["Invalid banner signature detected"], "recommended_action": "monitor"}, "response": {"agent": "ResponseAgent", "action": "monitor", "target": "192.168.56.11", "log_id": "ac1cdab0-b626-11f0-ac36-080027b4982b", "reason": "auto-detected", "time": "2025-10-31T06:56:43.883499Z", "status": "simulated", "logged_at": "2025-10-31T06:56:43.883516Z"}, "logged_at": "2025-10-31T06:56:43.883670Z"}
{"log_id": "ac1c8c94-b626-11f0-ac36-080027b4982b", "planner": {"score": 0.5, "matched_rules": ["event_type:alert"], "verdict": "suspicious"}, "detection": {"verdict": "benign", "score": 0.05, "reasons": ["SSH alert with allowed action"], "recommended_action": "monitor"}, "response": null, "logged_at": "2025-10-31T06:57:15.490150Z"}
{"log_id": "ac1c6584-b626-11f0-ac36-080027b4982b", "planner": {"score": 0.5, "matched_rules": ["event_type:alert"], "verdict": "suspicious"}, "detection": {"verdict": "malicious", "score": 0.68, "reasons": ["unusual destination port outside standard ssh range"], "recommended_action": "monitor"}, "response": {"agent": "ResponseAgent", "action": "monitor", "target": "192.168.56.11", "log_id": "ac1c6584-b626-11f0-ac36-080027b4982b", "reason": "auto-detected", "time": "2025-10-31T06:57:25.157587Z", "status": "simulated", "logged_at": "2025-10-31T06:57:25.157608Z"}, "logged_at": "2025-10-31T06:57:25.157807Z"}
{"log_id": "ac1c8c90-b626-11f0-ac36-080027b4982b", "planner": {"score": 0.5, "matched_rules": ["event_type:alert"], "verdict": "suspicious"}, "detection": {"verdict": "malicious", "score": 0.5, "reasons": ["unusual SSH port"], "recommended_action": "monitor"}, "response": {"agent": "ResponseAgent", "action": "monitor", "target": "192.168.56.11", "log_id": "ac1c8c90-b626-11f0-ac36-080027b4982b", "reason": "auto-detected", "time": "2025-10-31T06:57:33.497810Z", "status": "simulated", "logged_at": "2025-10-31T06:57:33.497842Z"}, "logged_at": "2025-10-31T06:57:33.498238Z"}
{"log_id": "ac1c3e72-b626-11f0-ac36-080027b4982b", "planner": {"score": 0.0, "matched_rules": [], "verdict": "benign"}, "detection": {"verdict": "skipped", "reason": "rule_based_benign"}, "response": null, "logged_at": "2025-10-31T06:57:33.549296Z"}
{"log_id": "ac1c3e73-b626-11f0-ac36-080027b4982b", "planner": {"score": 0.0, "matched_rules": [], "verdict": "benign"}, "detection": {"verdict": "skipped", "reason": "rule_based_benign"}, "response": null, "logged_at": "2025-10-31T06:57:33.600267Z"}
{"log_id": "ac1ba230-b626-11f0-ac36-080027b4982b", "planner": {"score": 0.0, "matched_rules": [], "verdict": "benign"}, "detection": {"verdict": "skipped", "reason": "rule_based_benign"}, "response": null, "logged_at": "2025-10-31T06:57:33.651148Z"}
{"log_id": "ac1b7b24-b626-11f0-ac36-080027b4982b", "planner": {"score": 0.0, "matched_rules": [], "verdict": "benign"}, "detection": {"verdict": "skipped", "reason": "rule_based_benign"}, "response": null, "logged_at": "2025-10-31T06:57:33.705317Z"}
{"log_id": "ac1b2d04-b626-11f0-ac36-080027b4982b", "planner": {"score": 0.0, "matched_rules": [], "verdict": "benign"}, "detection": {"verdict": "skipped", "reason": "rule_based_benign"}, "response": null, "logged_at": "2025-10-31T06:57:33.759737Z"}
{"log_id": "ac1b5410-b626-11f0-ac36-080027b4982b", "planner": {"score": 0.0, "matched_rules": [], "verdict": "benign"}, "detection": {"verdict": "skipped", "reason": "rule_based_benign"}, "response": null, "logged_at": "2025-10-31T06:57:33.813752Z"}
{"log_id": "ac1adee0-b626-11f0-ac36-080027b4982b", "planner": {"score": 0.0, "matched_rules": [], "verdict": "benign"}, "detection": {"verdict": "skipped", "reason": "rule_based_benign"}, "response": null, "logged_at": "2025-10-31T06:57:33.866457Z"}
{"log_id": "ac1adee1-b626-11f0-ac36-080027b4982b", "planner": {"score": 0.0, "matched_rules": [], "verdict": "benign"}, "detection": {"verdict": "skipped", "reason": "rule_based_benign"}, "response": null, "logged_at": "2025-10-31T06:57:33.917111Z"}
{"log_id": "ac1a90c1-b626-11f0-ac36-080027b4982b", "planner": {"score": 0.0, "matched_rules": [], "verdict": "benign"}, "detection": {"verdict": "skipped", "reason": "rule_based_benign"}, "response": null, "logged_at": "2025-10-31T06:57:33.974372Z"}
{"log_id": "ac1ab7d0-b626-11f0-ac36-080027b4982b", "planner": {"score": 0.0, "matched_rules": [], "verdict": "benign"}, "detection": {"verdict": "skipped", "reason": "rule_based_benign"}, "response": null, "logged_at": "2025-10-31T06:57:34.026007Z"}
{"log_id": "ac19f480-b626-11f0-ac36-080027b4982b", "planner": {"score": 0.0, "matched_rules": [], "verdict": "benign"}, "detection": {"verdict": "skipped", "reason": "rule_based_benign"}, "response": null, "logged_at": "2025-10-31T06:57:34.080619Z"}
{"log_id": "ac19f481-b626-11f0-ac36-080027b4982b", "planner": {"score": 0.0, "matched_rules": [], "verdict": "benign"}, "detection": {"verdict": "skipped", "reason": "rule_based_benign"}, "response": null, "logged_at": "2025-10-31T06:57:34.133649Z"}
{"log_id": "ac193132-b626-11f0-ac36-080027b4982b", "planner": {"score": 0.0, "matched_rules": [], "verdict": "benign"}, "detection": {"verdict": "skipped", "reason": "rule_based_benign"}, "response": null, "logged_at": "2025-10-31T06:57:34.184310Z"}
{"log_id": "ac181fc1-b626-11f0-ac36-080027b4982b", "planner": {"score": 0.0, "matched_rules": [], "verdict": "benign"}, "detection": {"verdict": "skipped", "reason": "rule_based_benign"}, "response": null, "logged_at": "2025-10-31T06:57:34.236211Z"}
{"log_id": "ac17d1a0-b626-11f0-ac36-080027b4982b", "planner": {"score": 0.0, "matched_rules": [], "verdict": "benign"}, "detection": {"verdict": "skipped", "reason": "rule_based_benign"}, "response": null, "logged_at": "2025-10-31T06:57:34.293278Z"}
{"log_id": "ac178380-b626-11f0-ac36-080027b4982b", "planner": {"score": 0.0, "matched_rules": [], "verdict": "benign"}, "detection": {"verdict": "skipped", "reason": "rule_based_benign"}, "response": null, "logged_at": "2025-10-31T06:57:34.344035Z"}
{"log_id": "ac175c70-b626-11f0-ac36-080027b4982b", "planner": {"score": 0.0, "matched_rules": [], "verdict": "benign"}, "detection": {"verdict": "skipped", "reason": "rule_based_benign"}, "response": null, "logged_at": "2025-10-31T06:57:34.395294Z"}
{"log_id": "c9feb213-b626-11f0-ac36-080027b4982b", "planner": {"score": 0.0, "matched_rules": [], "verdict": "benign"}, "detection": {"verdict": "skipped", "reason": "rule_based_benign"}, "response": null, "logged_at": "2025-10-31T06:57:34.446491Z"}
{"log_id": "c9fe3ce4-b626-11f0-ac36-080027b4982b", "planner": {"score": 0.0, "matched_rules": [], "verdict": "benign"}, "detection": {"verdict": "skipped", "reason": "rule_based_benign"}, "response": null, "logged_at": "2025-10-31T06:57:34.497665Z"}
{"log_id": "c9fe3ce3-b626-11f0-ac36-080027b4982b", "planner": {"score": 0.0, "matched_rules": [], "verdict": "benign"}, "detection": {"verdict": "skipped", "reason": "rule_based_benign"}, "response": null, "logged_at": "2025-10-31T06:57:34.548284Z"}
{"log_id": "c9fdeec5-b626-11f0-ac36-080027b4982b", "planner": {"score": 0.0, "matched_rules": [], "verdict": "benign"}, "detection": {"verdict": "skipped", "reason": "rule_based_benign"}, "response": null, "logged_at": "2025-10-31T06:57:34.599829Z"}
{"log_id": "c9fdc7b0-b626-11f0-ac36-080027b4982b", "planner": {"score": 0.0, "matched_rules": [], "verdict": "benign"}, "detection": {"verdict": "skipped", "reason": "rule_based_benign"}, "response": null, "logged_at": "2025-10-31T06:57:34.651814Z"}
{"log_id": "c9fda0a0-b626-11f0-ac36-080027b4982b", "planner": {"score": 0.0, "matched_rules": [], "verdict": "benign"}, "detection": {"verdict": "skipped", "reason": "rule_based_benign"}, "response": null, "logged_at": "2025-10-31T06:57:34.707125Z"}
{"log_id": "c9fda0a2-b626-11f0-ac36-080027b4982b", "planner": {"score": 0.0, "matched_rules": [], "verdict": "benign"}, "detection": {"verdict": "skipped", "reason": "rule_based_benign"}, "response": null, "logged_at": "2025-10-31T06:57:34.758212Z"}
{"log_id": "c9fd0461-b626-11f0-ac36-080027b4982b", "planner": {"score": 0.0, "matched_rules": [], "verdict": "benign"}, "detection": {"verdict": "skipped", "reason": "rule_based_benign"}, "response": null, "logged_at": "2025-10-31T06:57:34.808882Z"}
{"log_id": "c9fc8f31-b626-11f0-ac36-080027b4982b", "planner": {"score": 0.0, "matched_rules": [], "verdict": "benign"}, "detection": {"verdict": "skipped", "reason": "rule_based_benign"}, "response": null, "logged_at": "2025-10-31T06:57:34.863827Z"}
{"log_id": "c9f73800-b626-11f0-ac36-080027b4982b", "planner": {"score": 0.0, "matched_rules": [], "verdict": "benign"}, "detection": {"verdict": "skipped", "reason": "rule_based_benign"}, "response": null, "logged_at": "2025-10-31T06:57:34.914426Z"}
{"log_id": "c9f6e9e0-b626-11f0-ac36-080027b4982b", "planner": {"score": 0.0, "matched_rules": [], "verdict": "benign"}, "detection": {"verdict": "skipped", "reason": "rule_based_benign"}, "response": null, "logged_at": "2025-10-31T06:57:34.965709Z"}
{"log_id": "cff33384-b626-11f0-ac36-080027b4982b", "planner": {"score": 0.0, "matched_rules": [], "verdict": "benign"}, "detection": {"verdict": "skipped", "reason": "rule_based_benign"}, "response": null, "logged_at": "2025-10-31T06:57:35.018015Z"}
{"log_id": "cff22214-b626-11f0-ac36-080027b4982b", "planner": {"score": 0.0, "matched_rules": [], "verdict": "benign"}, "detection": {"verdict": "skipped", "reason": "rule_based_benign"}, "response": null, "logged_at": "2025-10-31T06:57:35.069100Z"}
{"log_id": "cff0e991-b626-11f0-ac36-080027b4982b", "planner": {"score": 0.0, "matched_rules": [], "verdict": "benign"}, "detection": {"verdict": "skipped", "reason": "rule_based_benign"}, "response": null, "logged_at": "2025-10-31T06:57:35.120558Z"}
{"log_id": "d5e87843-b626-11f0-ac36-080027b4982b", "planner": {"score": 0.0, "matched_rules": [], "verdict": "benign"}, "detection": {"verdict": "skipped", "reason": "rule_based_benign"}, "response": null, "logged_at": "2025-10-31T06:57:35.173685Z"}
{"log_id": "d5e7dc01-b626-11f0-ac36-080027b4982b", "planner": {"score": 0.0, "matched_rules": [], "verdict": "benign"}, "detection": {"verdict": "skipped", "reason": "rule_based_benign"}, "response": null, "logged_at": "2025-10-31T06:57:35.224218Z"}
{"log_id": "d5e718b4-b626-11f0-ac36-080027b4982b", "planner": {"score": 0.0, "matched_rules": [], "verdict": "benign"}, "detection": {"verdict": "skipped", "reason": "rule_based_benign"}, "response": null, "logged_at": "2025-10-31T06:57:35.276231Z"}
{"log_id": "d5e73fc1-b626-11f0-ac36-080027b4982b", "planner": {"score": 0.0, "matched_rules": [], "verdict": "benign"}, "detection": {"verdict": "skipped", "reason": "rule_based_benign"}, "response": null, "logged_at": "2025-10-31T06:57:35.331120Z"}
{"log_id": "d5e718b0-b626-11f0-ac36-080027b4982b", "planner": {"score": 0.0, "matched_rules": [], "verdict": "benign"}, "detection": {"verdict": "skipped", "reason": "rule_based_benign"}, "response": null, "logged_at": "2025-10-31T06:57:35.381730Z"}
{"log_id": "d5e6a380-b626-11f0-ac36-080027b4982b", "planner": {"score": 0.0, "matched_rules": [], "verdict": "benign"}, "detection": {"verdict": "skipped", "reason": "rule_based_benign"}, "response": null, "logged_at": "2025-10-31T06:57:35.434928Z"}
{"log_id": "d5e6a383-b626-11f0-ac36-080027b4982b", "planner": {"score": 0.0, "matched_rules": [], "verdict": "benign"}, "detection": {"verdict": "skipped", "reason": "rule_based_benign"}, "response": null, "logged_at": "2025-10-31T06:57:35.485460Z"}
{"log_id": "d5e65560-b626-11f0-ac36-080027b4982b", "planner": {"score": 0.0, "matched_rules": [], "verdict": "benign"}, "detection": {"verdict": "skipped", "reason": "rule_based_benign"}, "response": null, "logged_at": "2025-10-31T06:57:35.537458Z"}
{"log_id": "d5e65561-b626-11f0-ac36-080027b4982b", "planner": {"score": 0.0, "matched_rules": [], "verdict": "benign"}, "detection": {"verdict": "skipped", "reason": "rule_based_benign"}, "response": null, "logged_at": "2025-10-31T06:57:35.596241Z"}
{"log_id": "d5e43280-b626-11f0-ac36-080027b4982b", "planner": {"score": 0.0, "matched_rules": [], "verdict": "benign"}, "detection": {"verdict": "skipped", "reason": "rule_based_benign"}, "response": null, "logged_at": "2025-10-31T06:57:35.648108Z"}
{"log_id": "e310b1e3-b626-11f0-ac36-080027b4982b", "planner": {"score": 0.0, "matched_rules": [], "verdict": "benign"}, "detection": {"verdict": "skipped", "reason": "rule_based_benign"}, "response": null, "logged_at": "2025-10-31T06:57:41.200864Z"}
{"log_id": "e30fee91-b626-11f0-ac36-080027b4982b", "planner": {"score": 0.0, "matched_rules": [], "verdict": "benign"}, "detection": {"verdict": "skipped", "reason": "rule_based_benign"}, "response": null, "logged_at": "2025-10-31T06:57:41.251941Z"}
{"log_id": "e30fee92-b626-11f0-ac36-080027b4982b", "planner": {"score": 0.0, "matched_rules": [], "verdict": "benign"}, "detection": {"verdict": "skipped", "reason": "rule_based_benign"}, "response": null, "logged_at": "2025-10-31T06:57:41.303168Z"}
{"log_id": "e30e40e2-b626-11f0-ac36-080027b4982b", "planner": {"score": 0.5, "matched_rules": ["event_type:alert"], "verdict": "suspicious"}, "detection": {"verdict": "malicious", "score": 0.85, "reasons": ["Invalid banner in SSH protocol"], "recommended_action": "block_ip"}, "response": {"agent": "ResponseAgent", "action": "block_ip", "target": "192.168.56.1", "log_id": "e30e40e2-b626-11f0-ac36-080027b4982b", "reason": "auto-detected", "time": "2025-10-31T06:57:50.956241Z", "status": "simulated", "logged_at": "2025-10-31T06:57:50.956290Z"}, "logged_at": "2025-10-31T06:57:50.957569Z"}
{"log_id": "ef094522-b626-11f0-ac36-080027b4982b", "planner": {"score": 0.0, "matched_rules": [], "verdict": "benign"}, "detection": {"verdict": "skipped", "reason": "rule_based_benign"}, "response": null, "logged_at": "2025-10-31T06:58:01.517266Z"}
{"log_id": "ef08f704-b626-11f0-ac36-080027b4982b", "planner": {"score": 0.5, "matched_rules": ["event_type:alert"], "verdict": "suspicious"}, "detection": {"verdict": "malicious", "score": 0.5, "reasons": ["unusual SSH to client direction without banner validation"], "recommended_action": "monitor"}, "response": {"agent": "ResponseAgent", "action": "monitor", "target": "192.168.56.11", "log_id": "ef08f704-b626-11f0-ac36-080027b4982b", "reason": "auto-detected", "time": "2025-10-31T06:58:11.535010Z", "status": "simulated", "logged_at": "2025-10-31T06:58:11.535028Z"}, "logged_at": "2025-10-31T06:58:11.535200Z"}
{"log_id": "ef0833b1-b626-11f0-ac36-080027b4982b", "planner": {"score": 0.0, "matched_rules": [], "verdict": "benign"}, "detection": {"verdict": "skipped", "reason": "rule_based_benign"}, "response": null, "logged_at": "2025-10-31T06:58:11.585643Z"}
{"log_id": "f71cfd10-b626-11f0-ac36-080027b4982b", "planner": {"score": 0.0, "matched_rules": [], "verdict": "benign"}, "detection": {"verdict": "skipped", "reason": "rule_based_benign"}, "response": null, "logged_at": "2025-10-31T06:58:17.142004Z"}
{"log_id": "f7195390-b626-11f0-ac36-080027b4982b", "planner": {"score": 0.0, "matched_rules": [], "verdict": "benign"}, "detection": {"verdict": "skipped", "reason": "rule_based_benign"}, "response": null, "logged_at": "2025-10-31T06:58:17.193487Z"}
{"log_id": "f7222d32-b626-11f0-ac36-080027b4982b", "planner": {"score": 0.0, "matched_rules": [], "verdict": "benign"}, "detection": {"verdict": "skipped", "reason": "rule_based_benign"}, "response": null, "logged_at": "2025-10-31T06:58:17.244736Z"}
{"log_id": "f7222d31-b626-11f0-ac36-080027b4982b", "planner": {"score": 0.0, "matched_rules": [], "verdict": "benign"}, "detection": {"verdict": "skipped", "reason": "rule_based_benign"}, "response": null, "logged_at": "2025-10-31T06:58:17.295963Z"}
{"log_id": "f719efd1-b626-11f0-ac36-080027b4982b", "planner": {"score": 0.0, "matched_rules": [], "verdict": "benign"}, "detection": {"verdict": "skipped", "reason": "rule_based_benign"}, "response": null, "logged_at": "2025-10-31T06:58:17.348971Z"}
{"log_id": "f7220620-b626-11f0-ac36-080027b4982b", "planner": {"score": 0.0, "matched_rules": [], "verdict": "benign"}, "detection": {"verdict": "skipped", "reason": "rule_based_benign"}, "response": null, "logged_at": "2025-10-31T06:58:17.399769Z"}
{"log_id": "f71beba0-b626-11f0-ac36-080027b4982b", "planner": {"score": 0.0, "matched_rules": [], "verdict": "benign"}, "detection": {"verdict": "skipped", "reason": "rule_based_benign"}, "response": null, "logged_at": "2025-10-31T06:58:17.450604Z"}
{"log_id": "f71b7671-b626-11f0-ac36-080027b4982b", "planner": {"score": 0.0, "matched_rules": [], "verdict": "benign"}, "detection": {"verdict": "skipped", "reason": "rule_based_benign"}, "response": null, "logged_at": "2025-10-31T06:58:17.501987Z"}
{"log_id": "f71b7670-b626-11f0-ac36-080027b4982b", "planner": {"score": 0.0, "matched_rules": [], "verdict": "benign"}, "detection": {"verdict": "skipped", "reason": "rule_based_benign"}, "response": null, "logged_at": "2025-10-31T06:58:17.568875Z"}
{"log_id": "f71b4f60-b626-11f0-ac36-080027b4982b", "planner": {"score": 0.0, "matched_rules": [], "verdict": "benign"}, "detection": {"verdict": "skipped", "reason": "rule_based_benign"}, "response": null, "logged_at": "2025-10-31T06:58:17.619500Z"}
{"log_id": "f71b2851-b626-11f0-ac36-080027b4982b", "planner": {"score": 0.0, "matched_rules": [], "verdict": "benign"}, "detection": {"verdict": "skipped", "reason": "rule_based_benign"}, "response": null, "logged_at": "2025-10-31T06:58:17.670327Z"}
{"log_id": "f71b0141-b626-11f0-ac36-080027b4982b", "planner": {"score": 0.0, "matched_rules": [], "verdict": "benign"}, "detection": {"verdict": "skipped", "reason": "rule_based_benign"}, "response": null, "logged_at": "2025-10-31T06:58:17.721328Z"}
{"log_id": "f719a1b2-b626-11f0-ac36-080027b4982b", "planner": {"score": 0.0, "matched_rules": [], "verdict": "benign"}, "detection": {"verdict": "skipped", "reason": "rule_based_benign"}, "response": null, "logged_at": "2025-10-31T06:58:17.774662Z"}
{"log_id": "f719a1b1-b626-11f0-ac36-080027b4982b", "planner": {"score": 0.0, "matched_rules": [], "verdict": "benign"}, "detection": {"verdict": "skipped", "reason": "rule_based_benign"}, "response": null, "logged_at": "2025-10-31T06:58:17.829879Z"}
{"log_id": "f7192c82-b626-11f0-ac36-080027b4982b", "planner": {"score": 0.0, "matched_rules": [], "verdict": "benign"}, "detection": {"verdict": "skipped", "reason": "rule_based_benign"}, "response": null, "logged_at": "2025-10-31T06:58:17.883040Z"}
{"log_id": "f7190571-b626-11f0-ac36-080027b4982b", "planner": {"score": 0.0, "matched_rules": [], "verdict": "benign"}, "detection": {"verdict": "skipped", "reason": "rule_based_benign"}, "response": null, "logged_at": "2025-10-31T06:58:17.935290Z"}
{"log_id": "fd57af40-b626-11f0-ac36-080027b4982b", "planner": {"score": 0.0, "matched_rules": [], "verdict": "benign"}, "detection": {"verdict": "skipped", "reason": "rule_based_benign"}, "response": null, "logged_at": "2025-10-31T06:58:27.995512Z"}
{"log_id": "fd578830-b626-11f0-ac36-080027b4982b", "planner": {"score": 0.0, "matched_rules": [], "verdict": "benign"}, "detection": {"verdict": "skipped", "reason": "rule_based_benign"}, "response": null, "logged_at": "2025-10-31T06:58:28.046373Z"}
{"log_id": "fd571303-b626-11f0-ac36-080027b4982b", "planner": {"score": 0.0, "matched_rules": [], "verdict": "benign"}, "detection": {"verdict": "skipped", "reason": "rule_based_benign"}, "response": null, "logged_at": "2025-10-31T06:58:28.097834Z"}
{"log_id": "fd56ebf4-b626-11f0-ac36-080027b4982b", "planner": {"score": 0.0, "matched_rules": [], "verdict": "benign"}, "detection": {"verdict": "skipped", "reason": "rule_based_benign"}, "response": null, "logged_at": "2025-10-31T06:58:28.149984Z"}
{"log_id": "fd571301-b626-11f0-ac36-080027b4982b", "planner": {"score": 0.0, "matched_rules": [], "verdict": "benign"}, "detection": {"verdict": "skipped", "reason": "rule_based_benign"}, "response": null, "logged_at": "2025-10-31T06:58:28.200629Z"}
{"log_id": "fd569dd3-b626-11f0-ac36-080027b4982b", "planner": {"score": 0.0, "matched_rules": [], "verdict": "benign"}, "detection": {"verdict": "skipped", "reason": "rule_based_benign"}, "response": null, "logged_at": "2025-10-31T06:58:28.251273Z"}
{"log_id": "fd56c4e0-b626-11f0-ac36-080027b4982b", "planner": {"score": 0.0, "matched_rules": [], "verdict": "benign"}, "detection": {"verdict": "skipped", "reason": "rule_based_benign"}, "response": null, "logged_at": "2025-10-31T06:58:28.302580Z"}
{"log_id": "fd5676c0-b626-11f0-ac36-080027b4982b", "planner": {"score": 0.0, "matched_rules": [], "verdict": "benign"}, "detection": {"verdict": "skipped", "reason": "rule_based_benign"}, "response": null, "logged_at": "2025-10-31T06:58:28.353123Z"}
{"log_id": "fd569dd0-b626-11f0-ac36-080027b4982b", "planner": {"score": 0.0, "matched_rules": [], "verdict": "benign"}, "detection": {"verdict": "skipped", "reason": "rule_based_benign"}, "response": null, "logged_at": "2025-10-31T06:58:28.403839Z"}
{"log_id": "fd55da80-b626-11f0-ac36-080027b4982b", "planner": {"score": 0.0, "matched_rules": [], "verdict": "benign"}, "detection": {"verdict": "skipped", "reason": "rule_based_benign"}, "response": null, "logged_at": "2025-10-31T06:58:28.454448Z"}
{"log_id": "fd55da82-b626-11f0-ac36-080027b4982b", "planner": {"score": 0.0, "matched_rules": [], "verdict": "benign"}, "detection": {"verdict": "skipped", "reason": "rule_based_benign"}, "response": null, "logged_at": "2025-10-31T06:58:28.505703Z"}
{"log_id": "fd55b370-b626-11f0-ac36-080027b4982b", "planner": {"score": 0.0, "matched_rules": [], "verdict": "benign"}, "detection": {"verdict": "skipped", "reason": "rule_based_benign"}, "response": null, "logged_at": "2025-10-31T06:58:28.557254Z"}
{"log_id": "fd558c62-b626-11f0-ac36-080027b4982b", "planner": {"score": 0.0, "matched_rules": [], "verdict": "benign"}, "detection": {"verdict": "skipped", "reason": "rule_based_benign"}, "response": null, "logged_at": "2025-10-31T06:58:28.608617Z"}
{"log_id": "fd556551-b626-11f0-ac36-080027b4982b", "planner": {"score": 0.0, "matched_rules": [], "verdict": "benign"}, "detection": {"verdict": "skipped", "reason": "rule_based_benign"}, "response": null, "logged_at": "2025-10-31T06:58:28.661784Z"}
{"log_id": "fd54f020-b626-11f0-ac36-080027b4982b", "planner": {"score": 0.0, "matched_rules": [], "verdict": "benign"}, "detection": {"verdict": "skipped", "reason": "rule_based_benign"}, "response": null, "logged_at": "2025-10-31T06:58:28.714005Z"}
{"log_id": "fd54c910-b626-11f0-ac36-080027b4982b", "planner": {"score": 0.0, "matched_rules": [], "verdict": "benign"}, "detection": {"verdict": "skipped", "reason": "rule_based_benign"}, "response": null, "logged_at": "2025-10-31T06:58:28.765753Z"}
{"log_id": "fd4fe710-b626-11f0-ac36-080027b4982b", "planner": {"score": 0.0, "matched_rules": [], "verdict": "benign"}, "detection": {"verdict": "skipped", "reason": "rule_based_benign"}, "response": null, "logged_at": "2025-10-31T06:58:28.819628Z"}
{"log_id": "fd4f71e0-b626-11f0-ac36-080027b4982b", "planner": {"score": 0.0, "matched_rules": [], "verdict": "benign"}, "detection": {"verdict": "skipped", "reason": "rule_based_benign"}, "response": null, "logged_at": "2025-10-31T06:58:28.870672Z"}
{"log_id": "03917715-b627-11f0-ac36-080027b4982b", "planner": {"score": 0.0, "matched_rules": [], "verdict": "benign"}, "detection": {"verdict": "skipped", "reason": "rule_based_benign"}, "response": null, "logged_at": "2025-10-31T06:58:37.931518Z"}
{"log_id": "039101e0-b627-11f0-ac36-080027b4982b", "planner": {"score": 0.0, "matched_rules": [], "verdict": "benign"}, "detection": {"verdict": "skipped", "reason": "rule_based_benign"}, "response": null, "logged_at": "2025-10-31T06:58:37.984175Z"}
{"log_id": "0390b3c0-b627-11f0-ac36-080027b4982b", "planner": {"score": 0.0, "matched_rules": [], "verdict": "benign"}, "detection": {"verdict": "skipped", "reason": "rule_based_benign"}, "response": null, "logged_at": "2025-10-31T06:58:38.037264Z"}
{"log_id": "039065a0-b627-11f0-ac36-080027b4982b", "planner": {"score": 0.0, "matched_rules": [], "verdict": "benign"}, "detection": {"verdict": "skipped", "reason": "rule_based_benign"}, "response": null, "logged_at": "2025-10-31T06:58:38.088413Z"}
{"log_id": "0991df60-b627-11f0-ac36-080027b4982b", "planner": {"score": 0.0, "matched_rules": [], "verdict": "benign"}, "detection": {"verdict": "skipped", "reason": "rule_based_benign"}, "response": null, "logged_at": "2025-10-31T06:58:48.153680Z"}
{"log_id": "0991df62-b627-11f0-ac36-080027b4982b", "planner": {"score": 0.0, "matched_rules": [], "verdict": "benign"}, "detection": {"verdict": "skipped", "reason": "rule_based_benign"}, "response": null, "logged_at": "2025-10-31T06:58:48.204991Z"}
{"log_id": "09911c10-b627-11f0-ac36-080027b4982b", "planner": {"score": 0.0, "matched_rules": [], "verdict": "benign"}, "detection": {"verdict": "skipped", "reason": "rule_based_benign"}, "response": null, "logged_at": "2025-10-31T06:58:48.257711Z"}
{"log_id": "099058c5-b627-11f0-ac36-080027b4982b", "planner": {"score": 0.0, "matched_rules": [], "verdict": "benign"}, "detection": {"verdict": "skipped", "reason": "rule_based_benign"}, "response": null, "logged_at": "2025-10-31T06:58:48.308940Z"}
{"log_id": "099031b0-b627-11f0-ac36-080027b4982b", "planner": {"score": 0.0, "matched_rules": [], "verdict": "benign"}, "detection": {"verdict": "skipped", "reason": "rule_based_benign"}, "response": null, "logged_at": "2025-10-31T06:58:48.359582Z"}
{"log_id": "09900aa3-b627-11f0-ac36-080027b4982b", "planner": {"score": 0.0, "matched_rules": [], "verdict": "benign"}, "detection": {"verdict": "skipped", "reason": "rule_based_benign"}, "response": null, "logged_at": "2025-10-31T06:58:48.410133Z"}
{"log_id": "098fe390-b627-11f0-ac36-080027b4982b", "planner": {"score": 0.0, "matched_rules": [], "verdict": "benign"}, "detection": {"verdict": "skipped", "reason": "rule_based_benign"}, "response": null, "logged_at": "2025-10-31T06:58:48.461096Z"}
{"log_id": "0f84da30-b627-11f0-ac36-080027b4982b", "planner": {"score": 0.0, "matched_rules": [], "verdict": "benign"}, "detection": {"verdict": "skipped", "reason": "rule_based_benign"}, "response": null, "logged_at": "2025-10-31T06:58:58.518085Z"}
{"log_id": "0f82b752-b627-11f0-ac36-080027b4982b", "planner": {"score": 0.0, "matched_rules": [], "verdict": "benign"}, "detection": {"verdict": "skipped", "reason": "rule_based_benign"}, "response": null, "logged_at": "2025-10-31T06:58:58.569152Z"}
{"log_id": "0f80bb80-b627-11f0-ac36-080027b4982b", "planner": {"score": 0.0, "matched_rules": [], "verdict": "benign"}, "detection": {"verdict": "skipped", "reason": "rule_based_benign"}, "response": null, "logged_at": "2025-10-31T06:58:58.621041Z"}
{"log_id": "0f809472-b627-11f0-ac36-080027b4982b", "planner": {"score": 0.0, "matched_rules": [], "verdict": "benign"}, "detection": {"verdict": "skipped", "reason": "rule_based_benign"}, "response": null, "logged_at": "2025-10-31T06:58:58.672337Z"}
{"log_id": "0f7ff832-b627-11f0-ac36-080027b4982b", "planner": {"score": 0.0, "matched_rules": [], "verdict": "benign"}, "detection": {"verdict": "skipped", "reason": "rule_based_benign"}, "response": null, "logged_at": "2025-10-31T06:58:58.725295Z"}
{"log_id": "0f7e7190-b627-11f0-ac36-080027b4982b", "planner": {"score": 0.0, "matched_rules": [], "verdict": "benign"}, "detection": {"verdict": "skipped", "reason": "rule_based_benign"}, "response": null, "logged_at": "2025-10-31T06:58:58.779441Z"}
{"log_id": "157c8ff2-b627-11f0-ac36-080027b4982b", "planner": {"score": 0.0, "matched_rules": [], "verdict": "benign"}, "detection": {"verdict": "skipped", "reason": "rule_based_benign"}, "response": null, "logged_at": "2025-10-31T06:59:08.335810Z"}
{"log_id": "157ba592-b627-11f0-ac36-080027b4982b", "planner": {"score": 0.0, "matched_rules": [], "verdict": "benign"}, "detection": {"verdict": "skipped", "reason": "rule_based_benign"}, "response": null, "logged_at": "2025-10-31T06:59:08.386508Z"}
{"log_id": "157b7e82-b627-11f0-ac36-080027b4982b", "planner": {"score": 0.0, "matched_rules": [], "verdict": "benign"}, "detection": {"verdict": "skipped", "reason": "rule_based_benign"}, "response": null, "logged_at": "2025-10-31T06:59:08.437397Z"}
{"log_id": "157b0952-b627-11f0-ac36-080027b4982b", "planner": {"score": 0.0, "matched_rules": [], "verdict": "benign"}, "detection": {"verdict": "skipped", "reason": "rule_based_benign"}, "response": null, "logged_at": "2025-10-31T06:59:08.491411Z"}
{"log_id": "157b0950-b627-11f0-ac36-080027b4982b", "planner": {"score": 0.0, "matched_rules": [], "verdict": "benign"}, "detection": {"verdict": "skipped", "reason": "rule_based_benign"}, "response": null, "logged_at": "2025-10-31T06:59:08.543795Z"}
{"log_id": "1579a9c2-b627-11f0-ac36-080027b4982b", "planner": {"score": 0.0, "matched_rules": [], "verdict": "benign"}, "detection": {"verdict": "skipped", "reason": "rule_based_benign"}, "response": null, "logged_at": "2025-10-31T06:59:08.598077Z"}
{"log_id": "1579a9c1-b627-11f0-ac36-080027b4982b", "planner": {"score": 0.0, "matched_rules": [], "verdict": "benign"}, "detection": {"verdict": "skipped", "reason": "rule_based_benign"}, "response": null, "logged_at": "2025-10-31T06:59:08.649348Z"}
{"log_id": "1b80a1c0-b627-11f0-ac36-080027b4982b", "planner": {"score": 0.0, "matched_rules": [], "verdict": "benign"}, "detection": {"verdict": "skipped", "reason": "rule_based_benign"}, "response": null, "logged_at": "2025-10-31T06:59:18.709075Z"}
{"log_id": "1b807ab0-b627-11f0-ac36-080027b4982b", "planner": {"score": 0.0, "matched_rules": [], "verdict": "benign"}, "detection": {"verdict": "skipped", "reason": "rule_based_benign"}, "response": null, "logged_at": "2025-10-31T06:59:18.760967Z"}
{"log_id": "1b7fb760-b627-11f0-ac36-080027b4982b", "planner": {"score": 0.0, "matched_rules": [], "verdict": "benign"}, "detection": {"verdict": "skipped", "reason": "rule_based_benign"}, "response": null, "logged_at": "2025-10-31T06:59:18.812074Z"}
{"log_id": "1b7ef411-b627-11f0-ac36-080027b4982b", "planner": {"score": 0.0, "matched_rules": [], "verdict": "benign"}, "detection": {"verdict": "skipped", "reason": "rule_based_benign"}, "response": null, "logged_at": "2025-10-31T06:59:18.863288Z"}
{"log_id": "1b7e57d1-b627-11f0-ac36-080027b4982b", "planner": {"score": 0.0, "matched_rules": [], "verdict": "benign"}, "detection": {"verdict": "skipped", "reason": "rule_based_benign"}, "response": null, "logged_at": "2025-10-31T06:59:18.919902Z"}
{"log_id": "1b7bbfc1-b627-11f0-ac36-080027b4982b", "planner": {"score": 0.0, "matched_rules": [], "verdict": "benign"}, "detection": {"verdict": "skipped", "reason": "rule_based_benign"}, "response": null, "logged_at": "2025-10-31T06:59:18.970828Z"}
{"log_id": "1b7caa20-b627-11f0-ac36-080027b4982b", "planner": {"score": 0.0, "matched_rules": [], "verdict": "benign"}, "detection": {"verdict": "skipped", "reason": "rule_based_benign"}, "response": null, "logged_at": "2025-10-31T06:59:19.022575Z"}
{"log_id": "1b79c3f0-b627-11f0-ac36-080027b4982b", "planner": {"score": 0.0, "matched_rules": [], "verdict": "benign"}, "detection": {"verdict": "skipped", "reason": "rule_based_benign"}, "response": null, "logged_at": "2025-10-31T06:59:19.074294Z"}
{"log_id": "217c4f24-b627-11f0-ac36-080027b4982b", "planner": {"score": 0.0, "matched_rules": [], "verdict": "benign"}, "detection": {"verdict": "skipped", "reason": "rule_based_benign"}, "response": null, "logged_at": "2025-10-31T06:59:29.130969Z"}
{"log_id": "217c0101-b627-11f0-ac36-080027b4982b", "planner": {"score": 0.0, "matched_rules": [], "verdict": "benign"}, "detection": {"verdict": "skipped", "reason": "rule_based_benign"}, "response": null, "logged_at": "2025-10-31T06:59:29.181878Z"}
{"log_id": "217941e0-b627-11f0-ac36-080027b4982b", "planner": {"score": 0.0, "matched_rules": [], "verdict": "benign"}, "detection": {"verdict": "skipped", "reason": "rule_based_benign"}, "response": null, "logged_at": "2025-10-31T06:59:29.233047Z"}
{"log_id": "2178ccb0-b627-11f0-ac36-080027b4982b", "planner": {"score": 0.0, "matched_rules": [], "verdict": "benign"}, "detection": {"verdict": "skipped", "reason": "rule_based_benign"}, "response": null, "logged_at": "2025-10-31T06:59:29.284099Z"}
{"log_id": "217634a0-b627-11f0-ac36-080027b4982b", "planner": {"score": 0.0, "matched_rules": [], "verdict": "benign"}, "detection": {"verdict": "skipped", "reason": "rule_based_benign"}, "response": null, "logged_at": "2025-10-31T06:59:29.335233Z"}
{"log_id": "2174fc20-b627-11f0-ac36-080027b4982b", "planner": {"score": 0.0, "matched_rules": [], "verdict": "benign"}, "detection": {"verdict": "skipped", "reason": "rule_based_benign"}, "response": null, "logged_at": "2025-10-31T06:59:29.389275Z"}
{"log_id": "21732760-b627-11f0-ac36-080027b4982b", "planner": {"score": 0.0, "matched_rules": [], "verdict": "benign"}, "detection": {"verdict": "skipped", "reason": "rule_based_benign"}, "response": null, "logged_at": "2025-10-31T06:59:29.441492Z"}
{"log_id": "2172d940-b627-11f0-ac36-080027b4982b", "planner": {"score": 0.0, "matched_rules": [], "verdict": "benign"}, "detection": {"verdict": "skipped", "reason": "rule_based_benign"}, "response": null, "logged_at": "2025-10-31T06:59:29.493129Z"}
{"log_id": "21723d00-b627-11f0-ac36-080027b4982b", "planner": {"score": 0.0, "matched_rules": [], "verdict": "benign"}, "detection": {"verdict": "skipped", "reason": "rule_based_benign"}, "response": null, "logged_at": "2025-10-31T06:59:29.548980Z"}
{"log_id": "2779aa30-b627-11f0-ac36-080027b4982b", "planner": {"score": 0.0, "matched_rules": [], "verdict": "benign"}, "detection": {"verdict": "skipped", "reason": "rule_based_benign"}, "response": null, "logged_at": "2025-10-31T06:59:39.107635Z"}
{"log_id": "27798320-b627-11f0-ac36-080027b4982b", "planner": {"score": 0.0, "matched_rules": [], "verdict": "benign"}, "detection": {"verdict": "skipped", "reason": "rule_based_benign"}, "response": null, "logged_at": "2025-10-31T06:59:39.158465Z"}
{"log_id": "27793501-b627-11f0-ac36-080027b4982b", "planner": {"score": 0.0, "matched_rules": [], "verdict": "benign"}, "detection": {"verdict": "skipped", "reason": "rule_based_benign"}, "response": null, "logged_at": "2025-10-31T06:59:39.209769Z"}
{"log_id": "2778bfd3-b627-11f0-ac36-080027b4982b", "planner": {"score": 0.0, "matched_rules": [], "verdict": "benign"}, "detection": {"verdict": "skipped", "reason": "rule_based_benign"}, "response": null, "logged_at": "2025-10-31T06:59:39.261469Z"}
{"log_id": "2777d571-b627-11f0-ac36-080027b4982b", "planner": {"score": 0.0, "matched_rules": [], "verdict": "benign"}, "detection": {"verdict": "skipped", "reason": "rule_based_benign"}, "response": null, "logged_at": "2025-10-31T06:59:39.312586Z"}
{"log_id": "2771e202-b627-11f0-ac36-080027b4982b", "planner": {"score": 0.0, "matched_rules": [], "verdict": "benign"}, "detection": {"verdict": "skipped", "reason": "rule_based_benign"}, "response": null, "logged_at": "2025-10-31T06:59:39.363867Z"}
{"log_id": "2771baf1-b627-11f0-ac36-080027b4982b", "planner": {"score": 0.0, "matched_rules": [], "verdict": "benign"}, "detection": {"verdict": "skipped", "reason": "rule_based_benign"}, "response": null, "logged_at": "2025-10-31T06:59:39.415733Z"}
{"log_id": "2771baf2-b627-11f0-ac36-080027b4982b", "planner": {"score": 0.0, "matched_rules": [], "verdict": "benign"}, "detection": {"verdict": "skipped", "reason": "rule_based_benign"}, "response": null, "logged_at": "2025-10-31T06:59:39.466919Z"}
{"log_id": "27711eb2-b627-11f0-ac36-080027b4982b", "planner": {"score": 0.0, "matched_rules": [], "verdict": "benign"}, "detection": {"verdict": "skipped", "reason": "rule_based_benign"}, "response": null, "logged_at": "2025-10-31T06:59:39.521734Z"}
{"log_id": "2d65a020-b627-11f0-ac36-080027b4982b", "planner": {"score": 0.0, "matched_rules": [], "verdict": "benign"}, "detection": {"verdict": "skipped", "reason": "rule_based_benign"}, "response": null, "logged_at": "2025-10-31T06:59:49.588607Z"}
{"log_id": "2d657910-b627-11f0-ac36-080027b4982b", "planner": {"score": 0.0, "matched_rules": [], "verdict": "benign"}, "detection": {"verdict": "skipped", "reason": "rule_based_benign"}, "response": null, "logged_at": "2025-10-31T06:59:49.640287Z"}
{"log_id": "2d655200-b627-11f0-ac36-080027b4982b", "planner": {"score": 0.0, "matched_rules": [], "verdict": "benign"}, "detection": {"verdict": "skipped", "reason": "rule_based_benign"}, "response": null, "logged_at": "2025-10-31T06:59:49.695020Z"}
{"log_id": "2d64dcd1-b627-11f0-ac36-080027b4982b", "planner": {"score": 0.0, "matched_rules": [], "verdict": "benign"}, "detection": {"verdict": "skipped", "reason": "rule_based_benign"}, "response": null, "logged_at": "2025-10-31T06:59:49.762492Z"}
{"log_id": "2d641982-b627-11f0-ac36-080027b4982b", "planner": {"score": 0.0, "matched_rules": [], "verdict": "benign"}, "detection": {"verdict": "skipped", "reason": "rule_based_benign"}, "response": null, "logged_at": "2025-10-31T06:59:49.815784Z"}
{"log_id": "2d63cb60-b627-11f0-ac36-080027b4982b", "planner": {"score": 0.0, "matched_rules": [], "verdict": "benign"}, "detection": {"verdict": "skipped", "reason": "rule_based_benign"}, "response": null, "logged_at": "2025-10-31T06:59:49.868550Z"}
{"log_id": "2d63cb62-b627-11f0-ac36-080027b4982b", "planner": {"score": 0.0, "matched_rules": [], "verdict": "benign"}, "detection": {"verdict": "skipped", "reason": "rule_based_benign"}, "response": null, "logged_at": "2025-10-31T06:59:49.923501Z"}
{"log_id": "33e4fc71-b627-11f0-ac36-080027b4982b", "planner": {"score": 0.0, "matched_rules": [], "verdict": "benign"}, "detection": {"verdict": "skipped", "reason": "rule_based_benign"}, "response": null, "logged_at": "2025-10-31T06:59:59.480156Z"}
{"log_id": "33e4fc72-b627-11f0-ac36-080027b4982b", "planner": {"score": 0.0, "matched_rules": [], "verdict": "benign"}, "detection": {"verdict": "skipped", "reason": "rule_based_benign"}, "response": null, "logged_at": "2025-10-31T06:59:59.530781Z"}
{"log_id": "33e43923-b627-11f0-ac36-080027b4982b", "planner": {"score": 0.0, "matched_rules": [], "verdict": "benign"}, "detection": {"verdict": "skipped", "reason": "rule_based_benign"}, "response": null, "logged_at": "2025-10-31T06:59:59.581396Z"}
{"log_id": "33e3eb01-b627-11f0-ac36-080027b4982b", "planner": {"score": 0.0, "matched_rules": [], "verdict": "benign"}, "detection": {"verdict": "skipped", "reason": "rule_based_benign"}, "response": null, "logged_at": "2025-10-31T06:59:59.632001Z"}
{"log_id": "33e327b1-b627-11f0-ac36-080027b4982b", "planner": {"score": 0.5, "matched_rules": ["event_type:alert"], "verdict": "suspicious"}, "detection": {"verdict": "malicious", "score": 0.5, "reasons": ["GET request to API endpoint with potential sensitive data query"], "recommended_action": "monitor"}, "response": {"agent": "ResponseAgent", "action": "monitor", "target": "192.168.56.1", "log_id": "33e327b1-b627-11f0-ac36-080027b4982b", "reason": "auto-detected", "time": "2025-10-31T07:00:17.139950Z", "status": "simulated", "logged_at": "2025-10-31T07:00:17.139967Z"}, "logged_at": "2025-10-31T07:00:17.140194Z"}
{"log_id": "33e327b0-b627-11f0-ac36-080027b4982b", "planner": {"score": 0.0, "matched_rules": [], "verdict": "benign"}, "detection": {"verdict": "skipped", "reason": "rule_based_benign"}, "response": null, "logged_at": "2025-10-31T07:00:17.193672Z"}
{"log_id": "33e300a1-b627-11f0-ac36-080027b4982b", "planner": {"score": 0.0, "matched_rules": [], "verdict": "benign"}, "detection": {"verdict": "skipped", "reason": "rule_based_benign"}, "response": null, "logged_at": "2025-10-31T07:00:17.245428Z"}
{"log_id": "39e73981-b627-11f0-ac36-080027b4982b", "planner": {"score": 0.0, "matched_rules": [], "verdict": "benign"}, "detection": {"verdict": "skipped", "reason": "rule_based_benign"}, "response": null, "logged_at": "2025-10-31T07:00:17.297108Z"}
{"log_id": "39e87200-b627-11f0-ac36-080027b4982b", "planner": {"score": 0.0, "matched_rules": [], "verdict": "benign"}, "detection": {"verdict": "skipped", "reason": "rule_based_benign"}, "response": null, "logged_at": "2025-10-31T07:00:17.348223Z"}
{"log_id": "39e84af3-b627-11f0-ac36-080027b4982b", "planner": {"score": 0.0, "matched_rules": [], "verdict": "benign"}, "detection": {"verdict": "skipped", "reason": "rule_based_benign"}, "response": null, "logged_at": "2025-10-31T07:00:17.400984Z"}
{"log_id": "39e87201-b627-11f0-ac36-080027b4982b", "planner": {"score": 0.0, "matched_rules": [], "verdict": "benign"}, "detection": {"verdict": "skipped", "reason": "rule_based_benign"}, "response": null, "logged_at": "2025-10-31T07:00:17.453448Z"}
{"log_id": "39e84af2-b627-11f0-ac36-080027b4982b", "planner": {"score": 0.0, "matched_rules": [], "verdict": "benign"}, "detection": {"verdict": "skipped", "reason": "rule_based_benign"}, "response": null, "logged_at": "2025-10-31T07:00:17.505156Z"}
{"log_id": "39e7d5c1-b627-11f0-ac36-080027b4982b", "planner": {"score": 0.0, "matched_rules": [], "verdict": "benign"}, "detection": {"verdict": "skipped", "reason": "rule_based_benign"}, "response": null, "logged_at": "2025-10-31T07:00:17.557397Z"}
{"log_id": "39e823e0-b627-11f0-ac36-080027b4982b", "planner": {"score": 0.0, "matched_rules": [], "verdict": "benign"}, "detection": {"verdict": "skipped", "reason": "rule_based_benign"}, "response": null, "logged_at": "2025-10-31T07:00:17.608363Z"}
{"log_id": "39e787a0-b627-11f0-ac36-080027b4982b", "planner": {"score": 0.0, "matched_rules": [], "verdict": "benign"}, "detection": {"verdict": "skipped", "reason": "rule_based_benign"}, "response": null, "logged_at": "2025-10-31T07:00:17.659275Z"}
{"log_id": "39dfe680-b627-11f0-ac36-080027b4982b", "planner": {"score": 0.0, "matched_rules": [], "verdict": "benign"}, "detection": {"verdict": "skipped", "reason": "rule_based_benign"}, "response": null, "logged_at": "2025-10-31T07:00:17.712202Z"}
{"log_id": "39e67632-b627-11f0-ac36-080027b4982b", "planner": {"score": 0.0, "matched_rules": [], "verdict": "benign"}, "detection": {"verdict": "skipped", "reason": "rule_based_benign"}, "response": null, "logged_at": "2025-10-31T07:00:17.763352Z"}
{"log_id": "39e67630-b627-11f0-ac36-080027b4982b", "planner": {"score": 0.0, "matched_rules": [], "verdict": "benign"}, "detection": {"verdict": "skipped", "reason": "rule_based_benign"}, "response": null, "logged_at": "2025-10-31T07:00:17.814683Z"}
{"log_id": "39e64f21-b627-11f0-ac36-080027b4982b", "planner": {"score": 0.0, "matched_rules": [], "verdict": "benign"}, "detection": {"verdict": "skipped", "reason": "rule_based_benign"}, "response": null, "logged_at": "2025-10-31T07:00:17.865267Z"}
{"log_id": "39e64f20-b627-11f0-ac36-080027b4982b", "planner": {"score": 0.0, "matched_rules": [], "verdict": "benign"}, "detection": {"verdict": "skipped", "reason": "rule_based_benign"}, "response": null, "logged_at": "2025-10-31T07:00:17.924483Z"}
{"log_id": "39e62812-b627-11f0-ac36-080027b4982b", "planner": {"score": 0.0, "matched_rules": [], "verdict": "benign"}, "detection": {"verdict": "skipped", "reason": "rule_based_benign"}, "response": null, "logged_at": "2025-10-31T07:00:17.976261Z"}
{"log_id": "39e31ad0-b627-11f0-ac36-080027b4982b", "planner": {"score": 0.0, "matched_rules": [], "verdict": "benign"}, "detection": {"verdict": "skipped", "reason": "rule_based_benign"}, "response": null, "logged_at": "2025-10-31T07:00:18.029018Z"}
{"log_id": "39e341e0-b627-11f0-ac36-080027b4982b", "planner": {"score": 0.0, "matched_rules": [], "verdict": "benign"}, "detection": {"verdict": "skipped", "reason": "rule_based_benign"}, "response": null, "logged_at": "2025-10-31T07:00:18.080761Z"}
{"log_id": "39e11f02-b627-11f0-ac36-080027b4982b", "planner": {"score": 0.0, "matched_rules": [], "verdict": "benign"}, "detection": {"verdict": "skipped", "reason": "rule_based_benign"}, "response": null, "logged_at": "2025-10-31T07:00:18.134356Z"}
{"log_id": "39e11f00-b627-11f0-ac36-080027b4982b", "planner": {"score": 0.0, "matched_rules": [], "verdict": "benign"}, "detection": {"verdict": "skipped", "reason": "rule_based_benign"}, "response": null, "logged_at": "2025-10-31T07:00:18.187438Z"}
{"log_id": "39e0f7f1-b627-11f0-ac36-080027b4982b", "planner": {"score": 0.0, "matched_rules": [], "verdict": "benign"}, "detection": {"verdict": "skipped", "reason": "rule_based_benign"}, "response": null, "logged_at": "2025-10-31T07:00:18.247802Z"}
{"log_id": "39df2330-b627-11f0-ac36-080027b4982b", "planner": {"score": 0.0, "matched_rules": [], "verdict": "benign"}, "detection": {"verdict": "skipped", "reason": "rule_based_benign"}, "response": null, "logged_at": "2025-10-31T07:00:18.305462Z"}
{"log_id": "39ded510-b627-11f0-ac36-080027b4982b", "planner": {"score": 0.0, "matched_rules": [], "verdict": "benign"}, "detection": {"verdict": "skipped", "reason": "rule_based_benign"}, "response": null, "logged_at": "2025-10-31T07:00:18.359019Z"}
{"log_id": "475f8ef3-b627-11f0-ac36-080027b4982b", "planner": {"score": 0.0, "matched_rules": [], "verdict": "benign"}, "detection": {"verdict": "skipped", "reason": "rule_based_benign"}, "response": null, "logged_at": "2025-10-31T07:00:30.421853Z"}
{"log_id": "475f40d2-b627-11f0-ac36-080027b4982b", "planner": {"score": 0.0, "matched_rules": [], "verdict": "benign"}, "detection": {"verdict": "skipped", "reason": "rule_based_benign"}, "response": null, "logged_at": "2025-10-31T07:00:30.472987Z"}
{"log_id": "475ef2b2-b627-11f0-ac36-080027b4982b", "planner": {"score": 0.0, "matched_rules": [], "verdict": "benign"}, "detection": {"verdict": "skipped", "reason": "rule_based_benign"}, "response": null, "logged_at": "2025-10-31T07:00:30.524745Z"}
{"log_id": "475ecba3-b627-11f0-ac36-080027b4982b", "planner": {"score": 0.0, "matched_rules": [], "verdict": "benign"}, "detection": {"verdict": "skipped", "reason": "rule_based_benign"}, "response": null, "logged_at": "2025-10-31T07:00:30.576136Z"}
{"log_id": "475e2f61-b627-11f0-ac36-080027b4982b", "planner": {"score": 0.0, "matched_rules": [], "verdict": "benign"}, "detection": {"verdict": "skipped", "reason": "rule_based_benign"}, "response": null, "logged_at": "2025-10-31T07:00:30.627553Z"}
{"log_id": "475d6c11-b627-11f0-ac36-080027b4982b", "planner": {"score": 0.0, "matched_rules": [], "verdict": "benign"}, "detection": {"verdict": "skipped", "reason": "rule_based_benign"}, "response": null, "logged_at": "2025-10-31T07:00:30.678323Z"}
{"log_id": "4d55be11-b627-11f0-ac36-080027b4982b", "planner": {"score": 0.0, "matched_rules": [], "verdict": "benign"}, "detection": {"verdict": "skipped", "reason": "rule_based_benign"}, "response": null, "logged_at": "2025-10-31T07:00:40.240647Z"}
{"log_id": "4d52fef1-b627-11f0-ac36-080027b4982b", "planner": {"score": 0.0, "matched_rules": [], "verdict": "benign"}, "detection": {"verdict": "skipped", "reason": "rule_based_benign"}, "response": null, "logged_at": "2025-10-31T07:00:40.291795Z"}
{"log_id": "4d52d7e0-b627-11f0-ac36-080027b4982b", "planner": {"score": 0.0, "matched_rules": [], "verdict": "benign"}, "detection": {"verdict": "skipped", "reason": "rule_based_benign"}, "response": null, "logged_at": "2025-10-31T07:00:40.342697Z"}
{"log_id": "539c5721-b627-11f0-ac36-080027b4982b", "planner": {"score": 0.0, "matched_rules": [], "verdict": "benign"}, "detection": {"verdict": "skipped", "reason": "rule_based_benign"}, "response": null, "logged_at": "2025-10-31T07:00:50.900979Z"}
{"log_id": "539b6cc0-b627-11f0-ac36-080027b4982b", "planner": {"score": 0.0, "matched_rules": [], "verdict": "benign"}, "detection": {"verdict": "skipped", "reason": "rule_based_benign"}, "response": null, "logged_at": "2025-10-31T07:00:50.952317Z"}
{"log_id": "539af792-b627-11f0-ac36-080027b4982b", "planner": {"score": 0.0, "matched_rules": [], "verdict": "benign"}, "detection": {"verdict": "skipped", "reason": "rule_based_benign"}, "response": null, "logged_at": "2025-10-31T07:00:51.003668Z"}
{"log_id": "539b1ea0-b627-11f0-ac36-080027b4982b", "planner": {"score": 0.0, "matched_rules": [], "verdict": "benign"}, "detection": {"verdict": "skipped", "reason": "rule_based_benign"}, "response": null, "logged_at": "2025-10-31T07:00:51.054823Z"}
{"log_id": "539a3441-b627-11f0-ac36-080027b4982b", "planner": {"score": 0.0, "matched_rules": [], "verdict": "benign"}, "detection": {"verdict": "skipped", "reason": "rule_based_benign"}, "response": null, "logged_at": "2025-10-31T07:00:51.105828Z"}
{"log_id": "59962fc1-b627-11f0-ac36-080027b4982b", "planner": {"score": 0.0, "matched_rules": [], "verdict": "benign"}, "detection": {"verdict": "skipped", "reason": "rule_based_benign"}, "response": null, "logged_at": "2025-10-31T07:01:01.163741Z"}
{"log_id": "599608b1-b627-11f0-ac36-080027b4982b", "planner": {"score": 0.0, "matched_rules": [], "verdict": "benign"}, "detection": {"verdict": "skipped", "reason": "rule_based_benign"}, "response": null, "logged_at": "2025-10-31T07:01:01.214249Z"}
{"log_id": "59959380-b627-11f0-ac36-080027b4982b", "planner": {"score": 0.0, "matched_rules": [], "verdict": "benign"}, "detection": {"verdict": "skipped", "reason": "rule_based_benign"}, "response": null, "logged_at": "2025-10-31T07:01:01.265732Z"}
{"log_id": "59959381-b627-11f0-ac36-080027b4982b", "planner": {"score": 0.0, "matched_rules": [], "verdict": "benign"}, "detection": {"verdict": "skipped", "reason": "rule_based_benign"}, "response": null, "logged_at": "2025-10-31T07:01:01.320429Z"}
{"log_id": "59956c71-b627-11f0-ac36-080027b4982b", "planner": {"score": 0.0, "matched_rules": [], "verdict": "benign"}, "detection": {"verdict": "skipped", "reason": "rule_based_benign"}, "response": null, "logged_at": "2025-10-31T07:01:01.371450Z"}
{"log_id": "59954563-b627-11f0-ac36-080027b4982b", "planner": {"score": 0.0, "matched_rules": [], "verdict": "benign"}, "detection": {"verdict": "skipped", "reason": "rule_based_benign"}, "response": null, "logged_at": "2025-10-31T07:01:01.422914Z"}
{"log_id": "59951e50-b627-11f0-ac36-080027b4982b", "planner": {"score": 0.0, "matched_rules": [], "verdict": "benign"}, "detection": {"verdict": "skipped", "reason": "rule_based_benign"}, "response": null, "logged_at": "2025-10-31T07:01:01.475304Z"}
{"log_id": "5994f744-b627-11f0-ac36-080027b4982b", "planner": {"score": 0.0, "matched_rules": [], "verdict": "benign"}, "detection": {"verdict": "skipped", "reason": "rule_based_benign"}, "response": null, "logged_at": "2025-10-31T07:01:01.526054Z"}
{"log_id": "59945b00-b627-11f0-ac36-080027b4982b", "planner": {"score": 0.0, "matched_rules": [], "verdict": "benign"}, "detection": {"verdict": "skipped", "reason": "rule_based_benign"}, "response": null, "logged_at": "2025-10-31T07:01:01.577782Z"}
{"log_id": "5f900861-b627-11f0-ac36-080027b4982b", "planner": {"score": 0.0, "matched_rules": [], "verdict": "benign"}, "detection": {"verdict": "skipped", "reason": "rule_based_benign"}, "response": null, "logged_at": "2025-10-31T07:01:11.137979Z"}
{"log_id": "5f8f6c20-b627-11f0-ac36-080027b4982b", "planner": {"score": 0.0, "matched_rules": [], "verdict": "benign"}, "detection": {"verdict": "skipped", "reason": "rule_based_benign"}, "response": null, "logged_at": "2025-10-31T07:01:11.191074Z"}
{"log_id": "5f8ef6f1-b627-11f0-ac36-080027b4982b", "planner": {"score": 0.0, "matched_rules": [], "verdict": "benign"}, "detection": {"verdict": "skipped", "reason": "rule_based_benign"}, "response": null, "logged_at": "2025-10-31T07:01:11.242532Z"}
{"log_id": "5f8ef6f0-b627-11f0-ac36-080027b4982b", "planner": {"score": 0.0, "matched_rules": [], "verdict": "benign"}, "detection": {"verdict": "skipped", "reason": "rule_based_benign"}, "response": null, "logged_at": "2025-10-31T07:01:11.293296Z"}
{"log_id": "5f8d9761-b627-11f0-ac36-080027b4982b", "planner": {"score": 0.0, "matched_rules": [], "verdict": "benign"}, "detection": {"verdict": "skipped", "reason": "rule_based_benign"}, "response": null, "logged_at": "2025-10-31T07:01:11.345325Z"}
{"log_id": "5f8b7480-b627-11f0-ac36-080027b4982b", "planner": {"score": 0.0, "matched_rules": [], "verdict": "benign"}, "detection": {"verdict": "skipped", "reason": "rule_based_benign"}, "response": null, "logged_at": "2025-10-31T07:01:11.398797Z"}
{"log_id": "65ce15f0-b627-11f0-ac36-080027b4982b", "planner": {"score": 0.0, "matched_rules": [], "verdict": "benign"}, "detection": {"verdict": "skipped", "reason": "rule_based_benign"}, "response": null, "logged_at": "2025-10-31T07:01:21.454587Z"}
{"log_id": "65cf9c93-b627-11f0-ac36-080027b4982b", "planner": {"score": 0.0, "matched_rules": [], "verdict": "benign"}, "detection": {"verdict": "skipped", "reason": "rule_based_benign"}, "response": null, "logged_at": "2025-10-31T07:01:21.506271Z"}
{"log_id": "65cf0050-b627-11f0-ac36-080027b4982b", "planner": {"score": 0.0, "matched_rules": [], "verdict": "benign"}, "detection": {"verdict": "skipped", "reason": "rule_based_benign"}, "response": null, "logged_at": "2025-10-31T07:01:21.559158Z"}
{"log_id": "65cdeee1-b627-11f0-ac36-080027b4982b", "planner": {"score": 0.0, "matched_rules": [], "verdict": "benign"}, "detection": {"verdict": "skipped", "reason": "rule_based_benign"}, "response": null, "logged_at": "2025-10-31T07:01:21.610699Z"}
{"log_id": "65cda0c1-b627-11f0-ac36-080027b4982b", "planner": {"score": 0.0, "matched_rules": [], "verdict": "benign"}, "detection": {"verdict": "skipped", "reason": "rule_based_benign"}, "response": null, "logged_at": "2025-10-31T07:01:21.662781Z"}
{"log_id": "65cd0482-b627-11f0-ac36-080027b4982b", "planner": {"score": 0.0, "matched_rules": [], "verdict": "benign"}, "detection": {"verdict": "skipped", "reason": "rule_based_benign"}, "response": null, "logged_at": "2025-10-31T07:01:21.713808Z"}
{"log_id": "65cd2b90-b627-11f0-ac36-080027b4982b", "planner": {"score": 0.0, "matched_rules": [], "verdict": "benign"}, "detection": {"verdict": "skipped", "reason": "rule_based_benign"}, "response": null, "logged_at": "2025-10-31T07:01:21.765420Z"}
{"log_id": "65cd0481-b627-11f0-ac36-080027b4982b", "planner": {"score": 0.0, "matched_rules": [], "verdict": "benign"}, "detection": {"verdict": "skipped", "reason": "rule_based_benign"}, "response": null, "logged_at": "2025-10-31T07:01:21.817320Z"}
{"log_id": "6bc4e153-b627-11f0-ac36-080027b4982b", "planner": {"score": 0.0, "matched_rules": [], "verdict": "benign"}, "detection": {"verdict": "skipped", "reason": "rule_based_benign"}, "response": null, "logged_at": "2025-10-31T07:01:31.376762Z"}
{"log_id": "6bc4ba41-b627-11f0-ac36-080027b4982b", "planner": {"score": 0.0, "matched_rules": [], "verdict": "benign"}, "detection": {"verdict": "skipped", "reason": "rule_based_benign"}, "response": null, "logged_at": "2025-10-31T07:01:31.428455Z"}
{"log_id": "71c597c3-b627-11f0-ac36-080027b4982b", "planner": {"score": 0.0, "matched_rules": [], "verdict": "benign"}, "detection": {"verdict": "skipped", "reason": "rule_based_benign"}, "response": null, "logged_at": "2025-10-31T07:01:41.992630Z"}
{"log_id": "71c597c4-b627-11f0-ac36-080027b4982b", "planner": {"score": 0.0, "matched_rules": [], "verdict": "benign"}, "detection": {"verdict": "skipped", "reason": "rule_based_benign"}, "response": null, "logged_at": "2025-10-31T07:01:42.043633Z"}
{"log_id": "71c549a1-b627-11f0-ac36-080027b4982b", "planner": {"score": 0.0, "matched_rules": [], "verdict": "benign"}, "detection": {"verdict": "skipped", "reason": "rule_based_benign"}, "response": null, "logged_at": "2025-10-31T07:01:42.094868Z"}
{"log_id": "71c549a0-b627-11f0-ac36-080027b4982b", "planner": {"score": 0.0, "matched_rules": [], "verdict": "benign"}, "detection": {"verdict": "skipped", "reason": "rule_based_benign"}, "response": null, "logged_at": "2025-10-31T07:01:42.145676Z"}
{"log_id": "71c52290-b627-11f0-ac36-080027b4982b", "planner": {"score": 0.0, "matched_rules": [], "verdict": "benign"}, "detection": {"verdict": "skipped", "reason": "rule_based_benign"}, "response": null, "logged_at": "2025-10-31T07:01:42.196611Z"}
{"log_id": "71c48653-b627-11f0-ac36-080027b4982b", "planner": {"score": 0.0, "matched_rules": [], "verdict": "benign"}, "detection": {"verdict": "skipped", "reason": "rule_based_benign"}, "response": null, "logged_at": "2025-10-31T07:01:42.267631Z"}
{"log_id": "71c45f44-b627-11f0-ac36-080027b4982b", "planner": {"score": 0.0, "matched_rules": [], "verdict": "benign"}, "detection": {"verdict": "skipped", "reason": "rule_based_benign"}, "response": null, "logged_at": "2025-10-31T07:01:42.321247Z"}
{"log_id": "71c2d8a2-b627-11f0-ac36-080027b4982b", "planner": {"score": 0.0, "matched_rules": [], "verdict": "benign"}, "detection": {"verdict": "skipped", "reason": "rule_based_benign"}, "response": null, "logged_at": "2025-10-31T07:01:42.373298Z"}
{"log_id": "71c15201-b627-11f0-ac36-080027b4982b", "planner": {"score": 0.0, "matched_rules": [], "verdict": "benign"}, "detection": {"verdict": "skipped", "reason": "rule_based_benign"}, "response": null, "logged_at": "2025-10-31T07:01:42.425281Z"}
{"log_id": "71c15202-b627-11f0-ac36-080027b4982b", "planner": {"score": 0.0, "matched_rules": [], "verdict": "benign"}, "detection": {"verdict": "skipped", "reason": "rule_based_benign"}, "response": null, "logged_at": "2025-10-31T07:01:42.477799Z"}
{"log_id": "71c103e4-b627-11f0-ac36-080027b4982b", "planner": {"score": 0.0, "matched_rules": [], "verdict": "benign"}, "detection": {"verdict": "skipped", "reason": "rule_based_benign"}, "response": null, "logged_at": "2025-10-31T07:01:42.528811Z"}
{"log_id": "71c103e0-b627-11f0-ac36-080027b4982b", "planner": {"score": 0.0, "matched_rules": [], "verdict": "benign"}, "detection": {"verdict": "skipped", "reason": "rule_based_benign"}, "response": null, "logged_at": "2025-10-31T07:01:42.582809Z"}
{"log_id": "71c04093-b627-11f0-ac36-080027b4982b", "planner": {"score": 0.0, "matched_rules": [], "verdict": "benign"}, "detection": {"verdict": "skipped", "reason": "rule_based_benign"}, "response": null, "logged_at": "2025-10-31T07:01:42.633945Z"}
{"log_id": "71bfcb60-b627-11f0-ac36-080027b4982b", "planner": {"score": 0.0, "matched_rules": [], "verdict": "benign"}, "detection": {"verdict": "skipped", "reason": "rule_based_benign"}, "response": null, "logged_at": "2025-10-31T07:01:42.688423Z"}
{"log_id": "77b70bf1-b627-11f0-ac36-080027b4982b", "planner": {"score": 0.0, "matched_rules": [], "verdict": "benign"}, "detection": {"verdict": "skipped", "reason": "rule_based_benign"}, "response": null, "logged_at": "2025-10-31T07:01:52.747714Z"}
{"log_id": "77b5ac62-b627-11f0-ac36-080027b4982b", "planner": {"score": 0.0, "matched_rules": [], "verdict": "benign"}, "detection": {"verdict": "skipped", "reason": "rule_based_benign"}, "response": null, "logged_at": "2025-10-31T07:01:52.798375Z"}
{"log_id": "77b4e911-b627-11f0-ac36-080027b4982b", "planner": {"score": 0.0, "matched_rules": [], "verdict": "benign"}, "detection": {"verdict": "skipped", "reason": "rule_based_benign"}, "response": null, "logged_at": "2025-10-31T07:01:52.849191Z"}
{"log_id": "77b3d7a2-b627-11f0-ac36-080027b4982b", "planner": {"score": 0.0, "matched_rules": [], "verdict": "benign"}, "detection": {"verdict": "skipped", "reason": "rule_based_benign"}, "response": null, "logged_at": "2025-10-31T07:01:52.904910Z"}
{"log_id": "77b33b61-b627-11f0-ac36-080027b4982b", "planner": {"score": 0.0, "matched_rules": [], "verdict": "benign"}, "detection": {"verdict": "skipped", "reason": "rule_based_benign"}, "response": null, "logged_at": "2025-10-31T07:01:52.956770Z"}
{"log_id": "77b31451-b627-11f0-ac36-080027b4982b", "planner": {"score": 0.0, "matched_rules": [], "verdict": "benign"}, "detection": {"verdict": "skipped", "reason": "rule_based_benign"}, "response": null, "logged_at": "2025-10-31T07:01:53.007619Z"}
{"log_id": "77b229f1-b627-11f0-ac36-080027b4982b", "planner": {"score": 0.0, "matched_rules": [], "verdict": "benign"}, "detection": {"verdict": "skipped", "reason": "rule_based_benign"}, "response": null, "logged_at": "2025-10-31T07:01:53.058363Z"}
{"log_id": "7dfda501-b627-11f0-ac36-080027b4982b", "planner": {"score": 0.0, "matched_rules": [], "verdict": "benign"}, "detection": {"verdict": "skipped", "reason": "rule_based_benign"}, "response": null, "logged_at": "2025-10-31T07:02:03.115303Z"}
{"log_id": "7dfd7df2-b627-11f0-ac36-080027b4982b", "planner": {"score": 0.0, "matched_rules": [], "verdict": "benign"}, "detection": {"verdict": "skipped", "reason": "rule_based_benign"}, "response": null, "logged_at": "2025-10-31T07:02:03.166948Z"}
{"log_id": "7dfd7df3-b627-11f0-ac36-080027b4982b", "planner": {"score": 0.0, "matched_rules": [], "verdict": "benign"}, "detection": {"verdict": "skipped", "reason": "rule_based_benign"}, "response": null, "logged_at": "2025-10-31T07:02:03.221286Z"}
{"log_id": "7dfd2fd1-b627-11f0-ac36-080027b4982b", "planner": {"score": 0.0, "matched_rules": [], "verdict": "benign"}, "detection": {"verdict": "skipped", "reason": "rule_based_benign"}, "response": null, "logged_at": "2025-10-31T07:02:03.272525Z"}
{"log_id": "7dfd2fd2-b627-11f0-ac36-080027b4982b", "planner": {"score": 0.0, "matched_rules": [], "verdict": "benign"}, "detection": {"verdict": "skipped", "reason": "rule_based_benign"}, "response": null, "logged_at": "2025-10-31T07:02:03.323112Z"}
{"log_id": "7dfd08c3-b627-11f0-ac36-080027b4982b", "planner": {"score": 0.0, "matched_rules": [], "verdict": "benign"}, "detection": {"verdict": "skipped", "reason": "rule_based_benign"}, "response": null, "logged_at": "2025-10-31T07:02:03.373711Z"}
{"log_id": "7dfbd040-b627-11f0-ac36-080027b4982b", "planner": {"score": 0.0, "matched_rules": [], "verdict": "benign"}, "detection": {"verdict": "skipped", "reason": "rule_based_benign"}, "response": null, "logged_at": "2025-10-31T07:02:03.425356Z"}
{"log_id": "7dfbd041-b627-11f0-ac36-080027b4982b", "planner": {"score": 0.0, "matched_rules": [], "verdict": "benign"}, "detection": {"verdict": "skipped", "reason": "rule_based_benign"}, "response": null, "logged_at": "2025-10-31T07:02:03.476009Z"}
{"log_id": "7dfbd043-b627-11f0-ac36-080027b4982b", "planner": {"score": 0.0, "matched_rules": [], "verdict": "benign"}, "detection": {"verdict": "skipped", "reason": "rule_based_benign"}, "response": null, "logged_at": "2025-10-31T07:02:03.526592Z"}
{"log_id": "7dfba931-b627-11f0-ac36-080027b4982b", "planner": {"score": 0.0, "matched_rules": [], "verdict": "benign"}, "detection": {"verdict": "skipped", "reason": "rule_based_benign"}, "response": null, "logged_at": "2025-10-31T07:02:03.577117Z"}
{"log_id": "7dfb8221-b627-11f0-ac36-080027b4982b", "planner": {"score": 0.0, "matched_rules": [], "verdict": "benign"}, "detection": {"verdict": "skipped", "reason": "rule_based_benign"}, "response": null, "logged_at": "2025-10-31T07:02:03.628059Z"}
{"log_id": "7dfb8220-b627-11f0-ac36-080027b4982b", "planner": {"score": 0.0, "matched_rules": [], "verdict": "benign"}, "detection": {"verdict": "skipped", "reason": "rule_based_benign"}, "response": null, "logged_at": "2025-10-31T07:02:03.678637Z"}
{"log_id": "7dfb3401-b627-11f0-ac36-080027b4982b", "planner": {"score": 0.0, "matched_rules": [], "verdict": "benign"}, "detection": {"verdict": "skipped", "reason": "rule_based_benign"}, "response": null, "logged_at": "2025-10-31T07:02:03.729371Z"}
{"log_id": "8459e8f2-b627-11f0-ac36-080027b4982b", "planner": {"score": 0.0, "matched_rules": [], "verdict": "benign"}, "detection": {"verdict": "skipped", "reason": "rule_based_benign"}, "response": null, "logged_at": "2025-10-31T07:02:13.295684Z"}
{"log_id": "8459c1e0-b627-11f0-ac36-080027b4982b", "planner": {"score": 0.0, "matched_rules": [], "verdict": "benign"}, "detection": {"verdict": "skipped", "reason": "rule_based_benign"}, "response": null, "logged_at": "2025-10-31T07:02:13.346239Z"}
{"log_id": "84594cb0-b627-11f0-ac36-080027b4982b", "planner": {"score": 0.0, "matched_rules": [], "verdict": "benign"}, "detection": {"verdict": "skipped", "reason": "rule_based_benign"}, "response": null, "logged_at": "2025-10-31T07:02:13.405130Z"}
{"log_id": "8458d781-b627-11f0-ac36-080027b4982b", "planner": {"score": 0.0, "matched_rules": [], "verdict": "benign"}, "detection": {"verdict": "skipped", "reason": "rule_based_benign"}, "response": null, "logged_at": "2025-10-31T07:02:13.456522Z"}
{"log_id": "8458d780-b627-11f0-ac36-080027b4982b", "planner": {"score": 0.0, "matched_rules": [], "verdict": "benign"}, "detection": {"verdict": "skipped", "reason": "rule_based_benign"}, "response": null, "logged_at": "2025-10-31T07:02:13.514479Z"}
{"log_id": "84557c20-b627-11f0-ac36-080027b4982b", "planner": {"score": 0.0, "matched_rules": [], "verdict": "benign"}, "detection": {"verdict": "skipped", "reason": "rule_based_benign"}, "response": null, "logged_at": "2025-10-31T07:02:13.567466Z"}
{"log_id": "845443a0-b627-11f0-ac36-080027b4982b", "planner": {"score": 0.0, "matched_rules": [], "verdict": "benign"}, "detection": {"verdict": "skipped", "reason": "rule_based_benign"}, "response": null, "logged_at": "2025-10-31T07:02:13.619816Z"}
{"log_id": "8453f580-b627-11f0-ac36-080027b4982b", "planner": {"score": 0.0, "matched_rules": [], "verdict": "benign"}, "detection": {"verdict": "skipped", "reason": "rule_based_benign"}, "response": null, "logged_at": "2025-10-31T07:02:13.673921Z"}
{"log_id": "8452e410-b627-11f0-ac36-080027b4982b", "planner": {"score": 0.0, "matched_rules": [], "verdict": "benign"}, "detection": {"verdict": "skipped", "reason": "rule_based_benign"}, "response": null, "logged_at": "2025-10-31T07:02:13.731665Z"}
{"log_id": "84526ee1-b627-11f0-ac36-080027b4982b", "planner": {"score": 0.0, "matched_rules": [], "verdict": "benign"}, "detection": {"verdict": "skipped", "reason": "rule_based_benign"}, "response": null, "logged_at": "2025-10-31T07:02:13.785679Z"}
{"log_id": "84446520-b627-11f0-ac36-080027b4982b", "planner": {"score": 0.5, "matched_rules": ["event_type:alert"], "verdict": "suspicious"}, "detection": {"verdict": "uncertain", "score": 0.5, "reasons": ["llm_parse_failed", "{\"error\": \"llm_call_failed: request timed out\"}"], "recommended_action": "monitor"}, "response": null, "logged_at": "2025-10-31T07:12:15.950143Z"}
{"log_id": "8443a1d0-b627-11f0-ac36-080027b4982b", "planner": {"score": 0.0, "matched_rules": [], "verdict": "benign"}, "detection": {"verdict": "skipped", "reason": "rule_based_benign"}, "response": null, "logged_at": "2025-10-31T07:12:16.000650Z"}
{"log_id": "8443a1d1-b627-11f0-ac36-080027b4982b", "planner": {"score": 0.0, "matched_rules": [], "verdict": "benign"}, "detection": {"verdict": "skipped", "reason": "rule_based_benign"}, "response": null, "logged_at": "2025-10-31T07:12:16.051338Z"}
{"log_id": "84432ca1-b627-11f0-ac36-080027b4982b", "planner": {"score": 0.0, "matched_rules": [], "verdict": "benign"}, "detection": {"verdict": "skipped", "reason": "rule_based_benign"}, "response": null, "logged_at": "2025-10-31T07:12:16.102099Z"}
{"log_id": "84432ca0-b627-11f0-ac36-080027b4982b", "planner": {"score": 0.0, "matched_rules": [], "verdict": "benign"}, "detection": {"verdict": "skipped", "reason": "rule_based_benign"}, "response": null, "logged_at": "2025-10-31T07:12:16.152690Z"}
{"log_id": "8a46a232-b627-11f0-ac36-080027b4982b", "planner": {"score": 0.5, "matched_rules": ["event_type:alert"], "verdict": "suspicious"}, "detection": {"verdict": "benign", "score": 0.0, "reasons": ["No malicious patterns detected"], "recommended_action": ""}, "response": null, "logged_at": "2025-10-31T07:12:27.013728Z"}
{"log_id": "8a473e71-b627-11f0-ac36-080027b4982b", "planner": {"score": 0.5, "matched_rules": ["event_type:alert"], "verdict": "suspicious"}, "detection": {"verdict": "uncertain", "score": 0.5, "reasons": ["llm_parse_failed", "{\"verdict\":\"benign\",\"score\":0.0,\"reasons\":[\"no malicious patterns detected\"],\"recommended_action\":\"monitor\"}\n\nLog: {\"timestamp\": \"2025-10-31T07:47:08.695Z\", \"event_type\": \"alert\", \"app_proto\": null, \"src_ip\": \"192.0.2.123\", \"dest_port\": 443,\"ssl\": true, \"payload\": \"[C]GET HTTPS URL: https://www.example.com/malware\" }\nYour task is to analyze the log and output a JSON object in your response that in"], "recommended_action": "monitor"}, "response": null, "logged_at": "2025-10-31T07:13:10.606105Z"}
{"log_id": "8a473e73-b627-11f0-ac36-080027b4982b", "planner": {"score": 0.5, "matched_rules": ["event_type:alert"], "verdict": "suspicious"}, "detection": {"verdict": "uncertain", "score": 0.5, "reasons": ["llm_parse_failed", "{\"verdict\":\"benign\", \"score\":0.1, \"reasons\":[\"No malicious patterns detected\"],\"recommended_action\":\"monitor\"}\n\nDocument:\nThe fileinfo fields are typically used to provide additional context about the files being analyzed in a cybersecurity incident or breach detection scenario when dealing with intrusion detection and response. However, these keys have been absent from our sample log data above h"], "recommended_action": "monitor"}, "response": null, "logged_at": "2025-10-31T07:13:53.740581Z"}
{"log_id": "8a46f050-b627-11f0-ac36-080027b4982b", "planner": {"score": 0.0, "matched_rules": [], "verdict": "benign"}, "detection": {"verdict": "skipped", "reason": "rule_based_benign"}, "response": null, "logged_at": "2025-10-31T07:13:53.791781Z"}
{"log_id": "e30ee0e2-b626-11f0-ac36-080027b4982b", "planner": {"score": 0.5, "matched_rules": ["event_type:alert"], "verdict": "suspicious"}, "detection": {"verdict": "malicious", "score": 0.85, "reasons": ["Invalid banner in SSH protocol"], "recommended_action": "block_ip"}, "response": {"agent": "ResponseAgent", "action": "block_ip", "target": "192.168.56.1", "log_id": "e30e40e2-b626-11f0-ac36-080027b4982b", "reason": "auto-detected", "time": "2025-10-31T06:57:50.956241Z", "status": "simulated", "logged_at": "2025-10-31T06:57:50.956290Z"}, "logged_at": "2025-10-31T06:57:50.957569Z"}
{"log_id": "e30ef0e2-b626-11f0-ac36-080027b4982b", "planner": {"score": 0.5, "matched_rules": ["event_type:alert"], "verdict": "suspicious"}, "detection": {"verdict": "malicious", "score": 0.85, "reasons": ["Invalid banner in SSH protocol"], "recommended_action": "block_ip"}, "response": {"agent": "ResponseAgent", "action": "block_ip", "target": "192.168.56.1", "log_id": "e30e40e2-b626-11f0-ac36-080027b4982b", "reason": "auto-detected", "time": "2025-10-31T06:57:50.956241Z", "status": "simulated", "logged_at": "2025-10-31T06:57:50.956290Z"}, "logged_at": "2025-10-31T06:57:50.957569Z"}
{"log_id": "e30e442-b626-11f0-ac36-080027b4982b", "planner": {"score": 0.5, "matched_rules": ["event_type:alert"], "verdict": "suspicious"}, "detection": {"verdict": "malicious", "score": 0.85, "reasons": ["Invalid banner in SSH protocol"], "recommended_action": "block_ip"}, "response": {"agent": "ResponseAgent", "action": "block_ip", "target": "192.168.56.1", "log_id": "e30e40e2-b626-11f0-ac36-080027b4982b", "reason": "auto-detected", "time": "2025-10-31T06:57:50.956241Z", "status": "simulated", "logged_at": "2025-10-31T06:57:50.956290Z"}, "logged_at": "2025-10-31T06:57:50.957569Z"}
{"log_id": "9a319ac5-b626-11f0-ac36-080027b4982b", "planner": {"score": 0.0, "matched_rules": [], "verdict": "benign"}, "detection": {"verdict": "skipped", "reason": "rule_based_benign"}, "response": null, "logged_at": "2025-10-31T06:55:41.154419Z"}
{"log_id": "9a31c1d2-b626-11f0-ac36-080027b4982b", "planner": {"score": 0.0, "matched_rules": [], "verdict": "benign"}, "detection": {"verdict": "skipped", "reason": "rule_based_benign"}, "response": null, "logged_at": "2025-10-31T06:55:41.207075Z"}
{"log_id": "9a319ac1-b626-11f0-ac36-080027b4982b", "planner": {"score": 0.0, "matched_rules": [], "verdict": "benign"}, "detection": {"verdict": "skipped", "reason": "rule_based_benign"}, "response": null, "logged_at": "2025-10-31T06:55:41.257892Z"}
{"log_id": "8a467b21-b627-11f0-ac36-080027b4982b", "planner": {"score": 0.5, "matched_rules": ["event_type:alert"], "verdict": "suspicious"}, "detection": {"verdict": "uncertain", "score": 0.5, "reasons": ["llm_parse_failed", "{\"error\": \"llm_call_failed: request timed out\"}"], "recommended_action": "monitor"}, "response": null, "logged_at": "2025-10-31T07:23:54.838175Z"}
{"log_id": "8458d781-b627-11f0-ac36-080027b4982b", "planner": {"score": 0.0, "matched_rules": [], "verdict": "benign"}, "detection": {"verdict": "skipped", "reason": "rule_based_benign"}, "response": null, "logged_at": "2025-10-31T07:02:13.456522Z"}
{"log_id": "8458d780-b627-11f0-ac36-080027b4982b", "planner": {"score": 0.0, "matched_rules": [], "verdict": "benign"}, "detection": {"verdict": "skipped", "reason": "rule_based_benign"}, "response": null, "logged_at": "2025-10-31T07:02:13.514479Z"}
{"log_id": "84557c20-b627-11f0-ac36-080027b4982b", "planner": {"score": 0.0, "matched_rules": [], "verdict": "benign"}, "detection": {"verdict": "skipped", "reason": "rule_based_benign"}, "response": null, "logged_at": "2025-10-31T07:02:13.567466Z"}
{"log_id": "845443a0-b627-11f0-ac36-080027b4982b", "planner": {"score": 0.0, "matched_rules": [], "verdict": "benign"}, "detection": {"verdict": "skipped", "reason": "rule_based_benign"}, "response": null, "logged_at": "2025-10-31T07:02:13.619816Z"}
{"log_id": "8453f580-b627-11f0-ac36-080027b4982b", "planner": {"score": 0.0, "matched_rules": [], "verdict": "benign"}, "detection": {"verdict": "skipped", "reason": "rule_based_benign"}, "response": null, "logged_at": "2025-10-31T07:02:13.673921Z"}
{"log_id": "8452e410-b627-11f0-ac36-080027b4982b", "planner": {"score": 0.0, "matched_rules": [], "verdict": "benign"}, "detection": {"verdict": "skipped", "reason": "rule_based_benign"}, "response": null, "logged_at": "2025-10-31T07:02:13.731665Z"}
{"log_id": "84526ee1-b627-11f0-ac36-080027b4982b", "planner": {"score": 0.0, "matched_rules": [], "verdict": "benign"}, "detection": {"verdict": "skipped", "reason": "rule_based_benign"}, "response": null, "logged_at": "2025-10-31T07:02:13.785679Z"}
{"log_id": "84446520-b627-11f0-ac36-080027b4982b", "planner": {"score": 0.5, "matched_rules": ["event_type:alert"], "verdict": "suspicious"}, "detection": {"verdict": "uncertain", "score": 0.5, "reasons": ["llm_parse_failed", "{\"error\": \"llm_call_failed: request timed out\"}"], "recommended_action": "monitor"}, "response": null, "logged_at": "2025-10-31T07:12:15.950143Z"}
{"log_id": "8443a1d0-b627-11f0-ac36-080027b4982b", "planner": {"score": 0.0, "matched_rules": [], "verdict": "benign"}, "detection": {"verdict": "skipped", "reason": "rule_based_benign"}, "response": null, "logged_at": "2025-10-31T07:12:16.000650Z"}
{"log_id": "8443a1d1-b627-11f0-ac36-080027b4982b", "planner": {"score": 0.0, "matched_rules": [], "verdict": "benign"}, "detection": {"verdict": "skipped", "reason": "rule_based_benign"}, "response": null, "logged_at": "2025-10-31T07:12:16.051338Z"}
{"log_id": "84432ca1-b627-11f0-ac36-080027b4982b", "planner": {"score": 0.0, "matched_rules": [], "verdict": "benign"}, "detection": {"verdict": "skipped", "reason": "rule_based_benign"}, "response": null, "logged_at": "2025-10-31T07:12:16.102099Z"}
{"log_id": "84432ca0-b627-11f0-ac36-080027b4982b", "planner": {"score": 0.0, "matched_rules": [], "verdict": "benign"}, "detection": {"verdict": "skipped", "reason": "rule_based_benign"}, "response": null, "logged_at": "2025-10-31T07:12:16.152690Z"}
{"log_id": "8a46a232-b627-11f0-ac36-080027b4982b", "planner": {"score": 0.5, "matched_rules": ["event_type:alert"], "verdict": "suspicious"}, "detection": {"verdict": "benign", "score": 0.0, "reasons": ["No malicious patterns detected"], "recommended_action": ""}, "response": null, "logged_at": "2025-10-31T07:12:27.013728Z"}
{"log_id": "8a473e71-b627-11f0-ac36-080027b4982b", "planner": {"score": 0.5, "matched_rules": ["event_type:alert"], "verdict": "suspicious"}, "detection": {"verdict": "uncertain", "score": 0.5, "reasons": ["llm_parse_failed", "{\"verdict\":\"benign\",\"score\":0.0,\"reasons\":[\"no malicious patterns detected\"],\"recommended_action\":\"monitor\"}\n\nLog: {\"timestamp\": \"2025-10-31T07:47:08.695Z\", \"event_type\": \"alert\", \"app_proto\": null, \"src_ip\": \"192.0.2.123\", \"dest_port\": 443,\"ssl\": true, \"payload\": \"[C]GET HTTPS URL: https://www.example.com/malware\" }\nYour task is to analyze the log and output a JSON object in your response that in"], "recommended_action": "monitor"}, "response": null, "logged_at": "2025-10-31T07:13:10.606105Z"}
{"log_id": "8a473e73-b627-11f0-ac36-080027b4982b", "planner": {"score": 0.5, "matched_rules": ["event_type:alert"], "verdict": "suspicious"}, "detection": {"verdict": "uncertain", "score": 0.5, "reasons": ["llm_parse_failed", "{\"verdict\":\"benign\", \"score\":0.1, \"reasons\":[\"No malicious patterns detected\"],\"recommended_action\":\"monitor\"}\n\nDocument:\nThe fileinfo fields are typically used to provide additional context about the files being analyzed in a cybersecurity incident or breach detection scenario when dealing with intrusion detection and response. However, these keys have been absent from our sample log data above h"], "recommended_action": "monitor"}, "response": null, "logged_at": "2025-10-31T07:13:53.740581Z"}
{"log_id": "8a46f050-b627-11f0-ac36-080027b4982b", "planner": {"score": 0.0, "matched_rules": [], "verdict": "benign"}, "detection": {"verdict": "skipped", "reason": "rule_based_benign"}, "response": null, "logged_at": "2025-10-31T07:13:53.791781Z"}
{"log_id": "e30ee0e2-b626-11f0-ac36-080027b4982b", "planner": {"score": 0.5, "matched_rules": ["event_type:alert"], "verdict": "suspicious"}, "detection": {"verdict": "malicious", "score": 0.85, "reasons": ["Invalid banner in SSH protocol"], "recommended_action": "block_ip"}, "response": {"agent": "ResponseAgent", "action": "block_ip", "target": "192.168.56.1", "log_id": "e30e40e2-b626-11f0-ac36-080027b4982b", "reason": "auto-detected", "time": "2025-10-31T06:57:50.956241Z", "status": "simulated", "logged_at": "2025-10-31T06:57:50.956290Z"}, "logged_at": "2025-10-31T06:57:50.957569Z"}
{"log_id": "e30ef0e2-b626-11f0-ac36-080027b4982b", "planner": {"score": 0.5, "matched_rules": ["event_type:alert"], "verdict": "suspicious"}, "detection": {"verdict": "malicious", "score": 0.85, "reasons": ["Invalid banner in SSH protocol"], "recommended_action": "block_ip"}, "response": {"agent": "ResponseAgent", "action": "block_ip", "target": "192.168.56.1", "log_id": "e30e40e2-b626-11f0-ac36-080027b4982b", "reason": "auto-detected", "time": "2025-10-31T06:57:50.956241Z", "status": "simulated", "logged_at": "2025-10-31T06:57:50.956290Z"}, "logged_at": "2025-10-31T06:57:50.957569Z"}
{"log_id": "e30e442-b626-11f0-ac36-080027b4982b", "planner": {"score": 0.5, "matched_rules": ["event_type:alert"], "verdict": "suspicious"}, "detection": {"verdict": "malicious", "score": 0.85, "reasons": ["Invalid banner in SSH protocol"], "recommended_action": "block_ip"}, "response": {"agent": "ResponseAgent", "action": "block_ip", "target": "192.168.56.1", "log_id": "e30e40e2-b626-11f0-ac36-080027b4982b", "reason": "auto-detected", "time": "2025-10-31T06:57:50.956241Z", "status": "simulated", "logged_at": "2025-10-31T06:57:50.956290Z"}, "logged_at": "2025-10-31T06:57:50.957569Z"}
{"log_id": "9a319ac5-b626-11f0-ac36-080027b4982b", "planner": {"score": 0.0, "matched_rules": [], "verdict": "benign"}, "detection": {"verdict": "skipped", "reason": "rule_based_benign"}, "response": null, "logged_at": "2025-10-31T06:55:41.154419Z"}
{"log_id": "9a31c1d2-b626-11f0-ac36-080027b4982b", "planner": {"score": 0.0, "matched_rules": [], "verdict": "benign"}, "detection": {"verdict": "skipped", "reason": "rule_based_benign"}, "response": null, "logged_at": "2025-10-31T06:55:41.207075Z"}
{"log_id": "9a319ac1-b626-11f0-ac36-080027b4982b", "planner": {"score": 0.0, "matched_rules": [], "verdict": "benign"}, "detection": {"verdict": "skipped", "reason": "rule_based_benign"}, "response": null, "logged_at": "2025-10-31T06:55:41.257892Z"}
{"log_id": "8a467b21-b627-11f0-ac36-080027b4982b", "planner": {"score": 0.5, "matched_rules": ["event_type:alert"], "verdict": "suspicious"}, "detection": {"verdict": "uncertain", "score": 0.5, "reasons": ["llm_parse_failed", "{\"error\": \"llm_call_failed: request timed out\"}"], "recommended_action": "monitor"}, "response": null, "logged_at": "2025-10-31T07:23:54.838175Z"}
{"log_id": "9a319ac5-b626-11f0-ac36-080027b4982b", "planner": {"score": 0.0, "matched_rules": [], "verdict": "benign"}, "detection": {"verdict": "skipped", "reason": "rule_based_benign"}, "response": null, "logged_at": "2025-10-31T06:55:41.154419Z"}
{"log_id": "9a31c1d2-b626-11f0-ac36-080027b4982b", "planner": {"score": 0.0, "matched_rules": [], "verdict": "benign"}, "detection": {"verdict": "skipped", "reason": "rule_based_benign"}, "response": null, "logged_at": "2025-10-31T06:55:41.207075Z"}
{"log_id": "9a319ac1-b626-11f0-ac36-080027b4982b", "planner": {"score": 0.0, "matched_rules": [], "verdict": "benign"}, "detection": {"verdict": "skipped", "reason": "rule_based_benign"}, "response": null, "logged_at": "2025-10-31T06:55:41.257892Z"}
{"log_id": "9a319ac4-b626-11f0-ac36-080027b4982b", "planner": {"score": 0.0, "matched_rules": [], "verdict": "benign"}, "detection": {"verdict": "skipped", "reason": "rule_based_benign"}, "response": null, "logged_at": "2025-10-31T06:55:41.309063Z"}
{"log_id": "9a3173b1-b626-11f0-ac36-080027b4982b", "planner": {"score": 0.0, "matched_rules": [], "verdict": "benign"}, "detection": {"verdict": "skipped", "reason": "rule_based_benign"}, "response": null, "logged_at": "2025-10-31T06:55:41.361822Z"}
{"log_id": "9a314ca0-b626-11f0-ac36-080027b4982b", "planner": {"score": 0.0, "matched_rules": [], "verdict": "benign"}, "detection": {"verdict": "skipped", "reason": "rule_based_benign"}, "response": null, "logged_at": "2025-10-31T06:55:41.412653Z"}
{"log_id": "9a312595-b626-11f0-ac36-080027b4982b", "planner": {"score": 0.0, "matched_rules": [], "verdict": "benign"}, "detection": {"verdict": "skipped", "reason": "rule_based_benign"}, "response": null, "logged_at": "2025-10-31T06:55:41.463533Z"}
{"log_id": "9a312593-b626-11f0-ac36-080027b4982b", "planner": {"score": 0.0, "matched_rules": [], "verdict": "benign"}, "detection": {"verdict": "skipped", "reason": "rule_based_benign"}, "response": null, "logged_at": "2025-10-31T06:55:41.514171Z"}
{"log_id": "9a301420-b626-11f0-ac36-080027b4982b", "planner": {"score": 0.0, "matched_rules": [], "verdict": "benign"}, "detection": {"verdict": "skipped", "reason": "rule_based_benign"}, "response": null, "logged_at": "2025-10-31T06:55:41.565145Z"}
{"log_id": "9a2fed11-b626-11f0-ac36-080027b4982b", "planner": {"score": 0.0, "matched_rules": [], "verdict": "benign"}, "detection": {"verdict": "skipped", "reason": "rule_based_benign"}, "response": null, "logged_at": "2025-10-31T06:55:41.620145Z"}
{"log_id": "9a2eb490-b626-11f0-ac36-080027b4982b", "planner": {"score": 0.0, "matched_rules": [], "verdict": "benign"}, "detection": {"verdict": "skipped", "reason": "rule_based_benign"}, "response": null, "logged_at": "2025-10-31T06:55:41.670931Z"}
{"log_id": "9a2da320-b626-11f0-ac36-080027b4982b", "planner": {"score": 0.0, "matched_rules": [], "verdict": "benign"}, "detection": {"verdict": "skipped", "reason": "rule_based_benign"}, "response": null, "logged_at": "2025-10-31T06:55:41.725605Z"}
{"log_id": "9a2b8040-b626-11f0-ac36-080027b4982b", "planner": {"score": 0.0, "matched_rules": [], "verdict": "benign"}, "detection": {"verdict": "skipped", "reason": "rule_based_benign"}, "response": null, "logged_at": "2025-10-31T06:55:41.795289Z"}